Archive member included to satisfy reference by file (symbol)

/prog/riscv/lib/gcc/riscv64-unknown-elf/14.2.0/../../../../riscv64-unknown-elf/lib/rv32im_zicsr/ilp32/libc_nano.a(libc_a-abs.o)
                              /tmp/cc1eAt7H.o (abs)
/prog/riscv/lib/gcc/riscv64-unknown-elf/14.2.0/../../../../riscv64-unknown-elf/lib/rv32im_zicsr/ilp32/libc_nano.a(libc_a-atoi.o)
                              /tmp/ccUtj4vl.o (atoi)
/prog/riscv/lib/gcc/riscv64-unknown-elf/14.2.0/../../../../riscv64-unknown-elf/lib/rv32im_zicsr/ilp32/libc_nano.a(libc_a-calloc.o)
                              /tmp/cc7CcWHw.o (calloc)
/prog/riscv/lib/gcc/riscv64-unknown-elf/14.2.0/../../../../riscv64-unknown-elf/lib/rv32im_zicsr/ilp32/libc_nano.a(libc_a-callocr.o)
                              /prog/riscv/lib/gcc/riscv64-unknown-elf/14.2.0/../../../../riscv64-unknown-elf/lib/rv32im_zicsr/ilp32/libc_nano.a(libc_a-calloc.o) (_calloc_r)
/prog/riscv/lib/gcc/riscv64-unknown-elf/14.2.0/../../../../riscv64-unknown-elf/lib/rv32im_zicsr/ilp32/libc_nano.a(libc_a-exit.o)
                              /tmp/ccA3sui6.o (exit)
/prog/riscv/lib/gcc/riscv64-unknown-elf/14.2.0/../../../../riscv64-unknown-elf/lib/rv32im_zicsr/ilp32/libc_nano.a(libc_a-malloc.o)
                              /tmp/ccUIbcSk.o (malloc)
/prog/riscv/lib/gcc/riscv64-unknown-elf/14.2.0/../../../../riscv64-unknown-elf/lib/rv32im_zicsr/ilp32/libc_nano.a(libc_a-mallocr.o)
                              /prog/riscv/lib/gcc/riscv64-unknown-elf/14.2.0/../../../../riscv64-unknown-elf/lib/rv32im_zicsr/ilp32/libc_nano.a(libc_a-callocr.o) (_malloc_r)
/prog/riscv/lib/gcc/riscv64-unknown-elf/14.2.0/../../../../riscv64-unknown-elf/lib/rv32im_zicsr/ilp32/libc_nano.a(libc_a-mlock.o)
                              /prog/riscv/lib/gcc/riscv64-unknown-elf/14.2.0/../../../../riscv64-unknown-elf/lib/rv32im_zicsr/ilp32/libc_nano.a(libc_a-mallocr.o) (__malloc_lock)
/prog/riscv/lib/gcc/riscv64-unknown-elf/14.2.0/../../../../riscv64-unknown-elf/lib/rv32im_zicsr/ilp32/libc_nano.a(libc_a-realloc.o)
                              /tmp/cckYeBJT.o (realloc)
/prog/riscv/lib/gcc/riscv64-unknown-elf/14.2.0/../../../../riscv64-unknown-elf/lib/rv32im_zicsr/ilp32/libc_nano.a(libc_a-reallocr.o)
                              /prog/riscv/lib/gcc/riscv64-unknown-elf/14.2.0/../../../../riscv64-unknown-elf/lib/rv32im_zicsr/ilp32/libc_nano.a(libc_a-realloc.o) (_realloc_r)
/prog/riscv/lib/gcc/riscv64-unknown-elf/14.2.0/../../../../riscv64-unknown-elf/lib/rv32im_zicsr/ilp32/libc_nano.a(libc_a-strtol.o)
                              /prog/riscv/lib/gcc/riscv64-unknown-elf/14.2.0/../../../../riscv64-unknown-elf/lib/rv32im_zicsr/ilp32/libc_nano.a(libc_a-atoi.o) (_strtol_r)
/prog/riscv/lib/gcc/riscv64-unknown-elf/14.2.0/../../../../riscv64-unknown-elf/lib/rv32im_zicsr/ilp32/libc_nano.a(libc_a-ctype_.o)
                              /tmp/ccjHmZfx.o (_ctype_)
/prog/riscv/lib/gcc/riscv64-unknown-elf/14.2.0/../../../../riscv64-unknown-elf/lib/rv32im_zicsr/ilp32/libc_nano.a(libc_a-nano-vfprintf.o)
                              /tmp/ccA3sui6.o (vfprintf)
/prog/riscv/lib/gcc/riscv64-unknown-elf/14.2.0/../../../../riscv64-unknown-elf/lib/rv32im_zicsr/ilp32/libc_nano.a(libc_a-nano-vfprintf_i.o)
                              /prog/riscv/lib/gcc/riscv64-unknown-elf/14.2.0/../../../../riscv64-unknown-elf/lib/rv32im_zicsr/ilp32/libc_nano.a(libc_a-nano-vfprintf.o) (_printf_i)
/prog/riscv/lib/gcc/riscv64-unknown-elf/14.2.0/../../../../riscv64-unknown-elf/lib/rv32im_zicsr/ilp32/libc_nano.a(libc_a-fclose.o)
                              /tmp/ccUIbcSk.o (fclose)
/prog/riscv/lib/gcc/riscv64-unknown-elf/14.2.0/../../../../riscv64-unknown-elf/lib/rv32im_zicsr/ilp32/libc_nano.a(libc_a-fflush.o)
                              /prog/riscv/lib/gcc/riscv64-unknown-elf/14.2.0/../../../../riscv64-unknown-elf/lib/rv32im_zicsr/ilp32/libc_nano.a(libc_a-fclose.o) (__sflush_r)
/prog/riscv/lib/gcc/riscv64-unknown-elf/14.2.0/../../../../riscv64-unknown-elf/lib/rv32im_zicsr/ilp32/libc_nano.a(libc_a-findfp.o)
                              /prog/riscv/lib/gcc/riscv64-unknown-elf/14.2.0/../../../../riscv64-unknown-elf/lib/rv32im_zicsr/ilp32/libc_nano.a(libc_a-fflush.o) (__sglue)
/prog/riscv/lib/gcc/riscv64-unknown-elf/14.2.0/../../../../riscv64-unknown-elf/lib/rv32im_zicsr/ilp32/libc_nano.a(libc_a-fopen.o)
                              /tmp/ccUIbcSk.o (fopen)
/prog/riscv/lib/gcc/riscv64-unknown-elf/14.2.0/../../../../riscv64-unknown-elf/lib/rv32im_zicsr/ilp32/libc_nano.a(libc_a-fprintf.o)
                              /tmp/ccIUcI9t.o (fprintf)
/prog/riscv/lib/gcc/riscv64-unknown-elf/14.2.0/../../../../riscv64-unknown-elf/lib/rv32im_zicsr/ilp32/libc_nano.a(libc_a-fscanf.o)
                              /tmp/ccUIbcSk.o (fscanf)
/prog/riscv/lib/gcc/riscv64-unknown-elf/14.2.0/../../../../riscv64-unknown-elf/lib/rv32im_zicsr/ilp32/libc_nano.a(libc_a-fseek.o)
[...]
Memory Configuration

Name             Origin             Length             Attributes
ROM              0x00001000         0x01000000         xr
RAM              0x20000000         0x01000000         xrw
*default*        0x00000000         0xffffffff

Linker script and memory map

LOAD /tmp/ccIUcI9t.o
LOAD /tmp/ccmkV7yr.o
LOAD /tmp/ccpgEVRG.o
LOAD /tmp/ccl4LMkR.o
LOAD /tmp/cc4ktsDS.o
LOAD /tmp/ccgU7jdx.o
LOAD /tmp/ccjHmZfx.o
LOAD /tmp/cccIdlRp.o
LOAD /tmp/ccUtj4vl.o
LOAD /tmp/ccKCxv9t.o
LOAD /tmp/ccEARxVL.o
LOAD /tmp/ccmjtV4p.o
LOAD /tmp/cc0sJo8D.o
LOAD /tmp/ccXiNted.o
LOAD /tmp/ccKIE5CM.o
LOAD /tmp/cc1eAt7H.o
LOAD /tmp/ccfLgswY.o
LOAD /tmp/ccUIbcSk.o
LOAD /tmp/ccvDkeA0.o
LOAD /tmp/ccFIXAxG.o
LOAD /tmp/cclH31lB.o
LOAD /tmp/cc3mgFQP.o
LOAD /tmp/ccqpieuX.o
LOAD /tmp/cczxoUUx.o
LOAD /tmp/cc37mN0l.o
LOAD /tmp/ccbT5xtP.o
LOAD /tmp/cckymBR5.o
LOAD /tmp/ccf8vVS2.o
LOAD /tmp/ccj2wwR0.o
LOAD /tmp/ccvd2S5m.o
LOAD /tmp/cc1JYthu.o
LOAD /tmp/ccmdsAPV.o
LOAD /tmp/cclbtQ5a.o
LOAD /tmp/ccsc2Jgi.o
LOAD /tmp/ccVvVkCG.o
LOAD /tmp/ccPJzS57.o
LOAD /tmp/cc8iKbln.o
LOAD /tmp/ccdfhlmN.o
LOAD /tmp/cc3sh9yo.o
LOAD /tmp/ccvMH7AX.o
LOAD /tmp/cccIYygE.o
LOAD /tmp/ccwKsAYB.o
LOAD /tmp/cc5i2vm6.o
LOAD /tmp/ccf0NvUc.o
LOAD /tmp/cc60vALi.o
LOAD /tmp/ccof1MZ4.o
LOAD /tmp/ccUvJ9IP.o
LOAD /tmp/ccWcMzqM.o
LOAD /tmp/cchLfgF1.o
LOAD /tmp/ccmkZrYQ.o
LOAD /tmp/ccTxiJKs.o
LOAD /tmp/ccGmmR0A.o
LOAD /tmp/ccUXxFQp.o
LOAD /tmp/cckYeBJT.o
LOAD /tmp/ccj4PUoF.o
LOAD /tmp/ccp2R3Ps.o
LOAD /tmp/ccAXYIlt.o
LOAD /tmp/cc7CcWHw.o
LOAD /tmp/cc5O2cYg.o
LOAD /tmp/ccA3sui6.o
LOAD /tmp/ccx6M4gp.o
LOAD /tmp/ccb1royM.o
LOAD /tmp/cchsEYcK.o
LOAD /tmp/cc9bKNsH.o
LOAD /tmp/ccGzfaEn.o
LOAD /tmp/ccucBjw5.o
LOAD /tmp/cco7SOxs.o
LOAD miniwad.o
LOAD /tmp/ccaJXZd9.o
LOAD /prog/riscv/lib/gcc/riscv64-unknown-elf/14.2.0/../../../../riscv64-unknown-elf/lib/rv32im_zicsr/ilp32/libc_nano.a
LOAD /prog/riscv/lib/gcc/riscv64-unknown-elf/14.2.0/rv32im_zicsr/ilp32/libgcc.a
                0x00001000                        PROGMEM_START = 0x1000
                0x01000000                        PROGMEM_LENGTH = 0x1000000
                0x20000000                        DATAMEM_START = 0x20000000
                0x01000000                        DATAMEM_LENGTH = 0x1000000
LOAD /prog/riscv/lib/gcc/riscv64-unknown-elf/14.2.0/rv32im_zicsr/ilp32/libgcc.a
START GROUP
LOAD /prog/riscv/lib/gcc/riscv64-unknown-elf/14.2.0/../../../../riscv64-unknown-elf/lib/rv32im_zicsr/ilp32/libc.a
END GROUP
LOAD /prog/riscv/lib/gcc/riscv64-unknown-elf/14.2.0/rv32im_zicsr/ilp32/libgcc.a
START GROUP
LOAD /prog/riscv/lib/gcc/riscv64-unknown-elf/14.2.0/rv32im_zicsr/ilp32/libgcc.a
LOAD /prog/riscv/lib/gcc/riscv64-unknown-elf/14.2.0/../../../../riscv64-unknown-elf/lib/rv32im_zicsr/ilp32/libc.a
LOAD /prog/riscv/lib/gcc/riscv64-unknown-elf/14.2.0/../../../../riscv64-unknown-elf/lib/rv32im_zicsr/ilp32/libnosys.a
END GROUP
                0x00001000                        . = PROGMEM_START

.text           0x00001000    0x27304
                0x00001000                        __TEXT_BEGIN__ = .
 *(.init)
 .init          0x00001000       0x4c /tmp/ccaJXZd9.o
                0x00001000                _start
 *(.text.init)
 *(.text .text.*)
 .text.AM_activateNewScale
                0x0000104c       0xcc /tmp/ccIUcI9t.o
                0x0000104c                AM_activateNewScale
 .text.AM_saveScaleAndLoc
                0x00001118       0x24 /tmp/ccIUcI9t.o
                0x00001118                AM_saveScaleAndLoc
 .text.AM_restoreScaleAndLoc
                0x0000113c       0x98 /tmp/ccIUcI9t.o
                0x0000113c                AM_restoreScaleAndLoc
 .text.AM_addMark
                0x000011d4       0x50 /tmp/ccIUcI9t.o
                0x000011d4                AM_addMark
 .text.AM_findMinMaxBoundaries
                0x00001224      0x168 /tmp/ccIUcI9t.o
                0x00001224                AM_findMinMaxBoundaries
 .text.AM_changeWindowLoc
                0x0000138c       0xa8 /tmp/ccIUcI9t.o
                0x0000138c                AM_changeWindowLoc
 .text.AM_initVariables
                0x00001434      0x144 /tmp/ccIUcI9t.o
                0x00001434                AM_initVariables
 .text.AM_loadPics
                0x00001578       0x70 /tmp/ccIUcI9t.o
                0x00001578                AM_loadPics
 .text.AM_unloadPics
                0x000015e8       0x74 /tmp/ccIUcI9t.o
                0x000015e8                AM_unloadPics
 .text.AM_clearMarks
                0x0000165c       0x20 /tmp/ccIUcI9t.o
                0x0000165c                AM_clearMarks
 .text.AM_LevelInit
                0x0000167c       0x70 /tmp/ccIUcI9t.o
                0x0000167c                AM_LevelInit
 .text.AM_Stop  0x000016ec       0x30 /tmp/ccIUcI9t.o
                0x000016ec                AM_Stop
 .text.AM_Start
                0x0000171c       0x78 /tmp/ccIUcI9t.o
                0x0000171c                AM_Start
 .text.AM_minOutWindowScale
                0x00001794       0x28 /tmp/ccIUcI9t.o
                0x00001794                AM_minOutWindowScale
 .text.AM_maxOutWindowScale
                0x000017bc       0x28 /tmp/ccIUcI9t.o
                0x000017bc                AM_maxOutWindowScale
 .text.AM_Responder
                0x000017e4      0x308 /tmp/ccIUcI9t.o
                0x000017e4                AM_Responder
 .text.AM_changeWindowScale
                0x00001aec       0x70 /tmp/ccIUcI9t.o
                0x00001aec                AM_changeWindowScale
 .text.AM_doFollowPlayer
                0x00001b5c      0x104 /tmp/ccIUcI9t.o
                0x00001b5c                AM_doFollowPlayer
 .text.AM_Ticker
                0x00001c60       0x68 /tmp/ccIUcI9t.o
                0x00001c60                AM_Ticker
 .text.AM_clearFB
                0x00001cc8       0x18 /tmp/ccIUcI9t.o
                0x00001cc8                AM_clearFB
 .text.AM_clipMline
                0x00001ce0      0x37c /tmp/ccIUcI9t.o
                0x00001ce0                AM_clipMline
 .text.AM_drawFline
                0x0000205c      0x11c /tmp/ccIUcI9t.o
                0x0000205c                AM_drawFline
 .text.AM_drawMline
                0x00002178       0x50 /tmp/ccIUcI9t.o
                0x00002178                AM_drawMline
 .text.AM_drawGrid
                0x000021c8      0x128 /tmp/ccIUcI9t.o
                0x000021c8                AM_drawGrid
 .text.AM_drawWalls
                0x000022f0      0x154 /tmp/ccIUcI9t.o
                0x000022f0                AM_drawWalls
 .text.AM_rotate
                0x00002444       0xb8 /tmp/ccIUcI9t.o
                0x00002444                AM_rotate
 .text.AM_drawLineCharacter
                0x000024fc      0x188 /tmp/ccIUcI9t.o
                0x000024fc                AM_drawLineCharacter
 .text.AM_drawPlayers
                0x00002684      0x128 /tmp/ccIUcI9t.o
                0x00002684                AM_drawPlayers
 .text.AM_drawThings
                0x000027ac       0xb4 /tmp/ccIUcI9t.o
                0x000027ac                AM_drawThings
 .text.AM_drawMarks
                0x00002860      0x110 /tmp/ccIUcI9t.o
                0x00002860                AM_drawMarks
 .text.AM_drawCrosshair
                0x00002970       0x28 /tmp/ccIUcI9t.o
                0x00002970                AM_drawCrosshair
 .text.AM_Drawer
                0x00002998       0x74 /tmp/ccIUcI9t.o
                0x00002998                AM_Drawer
 .text.NetbufferSize
                0x00002a0c       0x14 /tmp/ccpgEVRG.o
                0x00002a0c                NetbufferSize
 .text.ExpandTics
                0x00002a20       0x3c /tmp/ccpgEVRG.o
                0x00002a20                ExpandTics
 .text.HSendPacket
                0x00002a5c       0x94 /tmp/ccpgEVRG.o
                0x00002a5c                HSendPacket
 .text.HGetPacket
                0x00002af0       0xa0 /tmp/ccpgEVRG.o
                0x00002af0                HGetPacket
 .text.GetPackets
                0x00002b90      0x218 /tmp/ccpgEVRG.o
                0x00002b90                GetPackets
 .text.NetUpdate
                0x00002da8      0x23c /tmp/ccpgEVRG.o
                0x00002da8                NetUpdate
 .text.CheckAbort
                0x00002fe4       0xa0 /tmp/ccpgEVRG.o
                0x00002fe4                CheckAbort
 .text.D_ArbitrateNetStart
                0x00003084      0x208 /tmp/ccpgEVRG.o
                0x00003084                D_ArbitrateNetStart
 .text.D_CheckNetGame
                0x0000328c      0x158 /tmp/ccpgEVRG.o
                0x0000328c                D_CheckNetGame
 .text.D_QuitNetGame
                0x000033e4       0xb8 /tmp/ccpgEVRG.o
                0x000033e4                D_QuitNetGame
 .text.TryRunTics
                0x0000349c      0x330 /tmp/ccpgEVRG.o
                0x0000349c                TryRunTics
 .text.F_StartFinale
                0x000037cc      0x198 /tmp/ccjHmZfx.o
                0x000037cc                F_StartFinale
 .text.F_TextWrite
                0x00003964      0x188 /tmp/ccjHmZfx.o
                0x00003964                F_TextWrite
 .text.F_StartCast
                0x00003aec       0x70 /tmp/ccjHmZfx.o
                0x00003aec                F_StartCast
 .text.F_CastTicker
                0x00003b5c      0x400 /tmp/ccjHmZfx.o
                0x00003b5c                F_CastTicker
 .text.F_Ticker
                0x00003f5c      0x118 /tmp/ccjHmZfx.o
                0x00003f5c                F_Ticker
 .text.F_CastResponder
                0x00004074       0xa8 /tmp/ccjHmZfx.o
                0x00004074                F_CastResponder
 .text.F_Responder
                0x0000411c       0x18 /tmp/ccjHmZfx.o
                0x0000411c                F_Responder
 .text.F_CastPrint
                0x00004134      0x144 /tmp/ccjHmZfx.o
                0x00004134                F_CastPrint
 .text.F_CastDrawer
                0x00004278       0xc8 /tmp/ccjHmZfx.o
                0x00004278                F_CastDrawer
 .text.F_DrawPatchCol
                0x00004340       0x70 /tmp/ccjHmZfx.o
                0x00004340                F_DrawPatchCol
 .text.F_BunnyScroll
                0x000043b0      0x198 /tmp/ccjHmZfx.o
                0x000043b0                F_BunnyScroll
 .text.F_Drawer
                0x00004548       0xb4 /tmp/ccjHmZfx.o
                0x00004548                F_Drawer
 .text.wipe_doColorXForm
                0x000045fc       0x5c /tmp/cccIdlRp.o
                0x000045fc                wipe_doColorXForm
 .text.wipe_exitColorXForm
                0x00004658        0x8 /tmp/cccIdlRp.o
                0x00004658                wipe_exitColorXForm
 .text.wipe_doMelt
                0x00004660      0x124 /tmp/cccIdlRp.o
                0x00004660                wipe_doMelt
 .text.wipe_initColorXForm
                0x00004784       0x28 /tmp/cccIdlRp.o
                0x00004784                wipe_initColorXForm
 .text.wipe_exitMelt
                0x000047ac       0x20 /tmp/cccIdlRp.o
                0x000047ac                wipe_exitMelt
 .text.wipe_shittyColMajorXform
                0x000047cc       0xc4 /tmp/cccIdlRp.o
                0x000047cc                wipe_shittyColMajorXform
 .text.wipe_initMelt
                0x00004890       0xfc /tmp/cccIdlRp.o
                0x00004890                wipe_initMelt
 .text.wipe_StartScreen
                0x0000498c       0x28 /tmp/cccIdlRp.o
                0x0000498c                wipe_StartScreen
 .text.wipe_EndScreen
                0x000049b4       0x64 /tmp/cccIdlRp.o
                0x000049b4                wipe_EndScreen
 .text.wipe_ScreenWipe
                0x00004a18       0xfc /tmp/cccIdlRp.o
                0x00004a18                wipe_ScreenWipe
 .text.G_BuildTiccmd
                0x00004b14      0x5e4 /tmp/ccUtj4vl.o
                0x00004b14                G_BuildTiccmd
 .text.G_DoLoadLevel
                0x000050f8      0x184 /tmp/ccUtj4vl.o
                0x000050f8                G_DoLoadLevel
 .text.G_Responder
                0x0000527c      0x234 /tmp/ccUtj4vl.o
                0x0000527c                G_Responder
 .text.G_PlayerFinishLevel
                0x000054b0       0x88 /tmp/ccUtj4vl.o
                0x000054b0                G_PlayerFinishLevel
 .text.G_PlayerReborn
                0x00005538      0x100 /tmp/ccUtj4vl.o
                0x00005538                G_PlayerReborn
 .text.G_CheckSpot
                0x00005638      0x1bc /tmp/ccUtj4vl.o
                0x00005638                G_CheckSpot
 .text.G_DeathMatchSpawnPlayer
                0x000057f4       0xd4 /tmp/ccUtj4vl.o
                0x000057f4                G_DeathMatchSpawnPlayer
 .text.G_DoReborn
                0x000058c8      0x150 /tmp/ccUtj4vl.o
                0x000058c8                G_DoReborn
 .text.G_ScreenShot
                0x00005a18        0xc /tmp/ccUtj4vl.o
                0x00005a18                G_ScreenShot
 .text.G_ExitLevel
                0x00005a24       0x10 /tmp/ccUtj4vl.o
                0x00005a24                G_ExitLevel
 .text.G_SecretExitLevel
                0x00005a34       0x54 /tmp/ccUtj4vl.o
                0x00005a34                G_SecretExitLevel
 .text.G_DoCompleted
                0x00005a88      0x2b4 /tmp/ccUtj4vl.o
                0x00005a88                G_DoCompleted
 .text.G_WorldDone
                0x00005d3c       0x78 /tmp/ccUtj4vl.o
                0x00005d3c                G_WorldDone
 .text.G_DoWorldDone
                0x00005db4       0x38 /tmp/ccUtj4vl.o
                0x00005db4                G_DoWorldDone
 .text.G_LoadGame
                0x00005dec       0x28 /tmp/ccUtj4vl.o
                0x00005dec                G_LoadGame
 .text.G_SaveGame
                0x00005e14       0x28 /tmp/ccUtj4vl.o
                0x00005e14                G_SaveGame
 .text.G_DoSaveGame
                0x00005e3c      0x1b8 /tmp/ccUtj4vl.o
                0x00005e3c                G_DoSaveGame
 .text.G_DeferedInitNew
                0x00005ff4       0x18 /tmp/ccUtj4vl.o
                0x00005ff4                G_DeferedInitNew
 .text.G_InitNew
                0x0000600c      0x248 /tmp/ccUtj4vl.o
                0x0000600c                G_InitNew
 .text.G_DoLoadGame
                0x00006254      0x13c /tmp/ccUtj4vl.o
                0x00006254                G_DoLoadGame
 .text.G_DoNewGame
                0x00006390       0x5c /tmp/ccUtj4vl.o
                0x00006390                G_DoNewGame
 .text.G_DeferedPlayDemo
                0x000063ec       0x10 /tmp/ccUtj4vl.o
                0x000063ec                G_DeferedPlayDemo
 .text.G_DoPlayDemo
                0x000063fc      0x108 /tmp/ccUtj4vl.o
                0x000063fc                G_DoPlayDemo
 .text.G_CheckDemoStatus
                0x00006504      0x130 /tmp/ccUtj4vl.o
                0x00006504                G_CheckDemoStatus
 .text.G_ReadDemoTiccmd
                0x00006634       0x5c /tmp/ccUtj4vl.o
                0x00006634                G_ReadDemoTiccmd
 .text.G_WriteDemoTiccmd
                0x00006690       0xb4 /tmp/ccUtj4vl.o
                0x00006690                G_WriteDemoTiccmd
 .text.G_Ticker
                0x00006744      0x440 /tmp/ccUtj4vl.o
                0x00006744                G_Ticker
 .text.HUlib_initTextLine
                0x00006b84       0x24 /tmp/ccKCxv9t.o
                0x00006b84                HUlib_initTextLine
 .text.HUlib_addCharToTextLine
                0x00006ba8       0x3c /tmp/ccKCxv9t.o
                0x00006ba8                HUlib_addCharToTextLine
 .text.HUlib_delCharFromTextLine
                0x00006be4       0x30 /tmp/ccKCxv9t.o
                0x00006be4                HUlib_delCharFromTextLine
 .text.HUlib_drawTextLine
                0x00006c14      0x178 /tmp/ccKCxv9t.o
                0x00006c14                HUlib_drawTextLine
 .text.HUlib_eraseTextLine
                0x00006d8c       0xf4 /tmp/ccKCxv9t.o
                0x00006d8c                HUlib_eraseTextLine
 .text.HUlib_initSText
                0x00006e80       0x5c /tmp/ccKCxv9t.o
                0x00006e80                HUlib_initSText
 .text.HUlib_addLineToSText
                0x00006edc       0x58 /tmp/ccKCxv9t.o
                0x00006edc                HUlib_addLineToSText
 .text.HUlib_addMessageToSText
                0x00006f34       0x90 /tmp/ccKCxv9t.o
                0x00006f34                HUlib_addMessageToSText
 .text.HUlib_drawSText
                0x00006fc4       0x78 /tmp/ccKCxv9t.o
                0x00006fc4                HUlib_drawSText
 .text.HUlib_eraseSText
                0x0000703c       0x7c /tmp/ccKCxv9t.o
                0x0000703c                HUlib_eraseSText
 .text.HUlib_initIText
                0x000070b8       0x30 /tmp/ccKCxv9t.o
                0x000070b8                HUlib_initIText
 .text.HUlib_delCharFromIText
                0x000070e8       0x14 /tmp/ccKCxv9t.o
                0x000070e8                HUlib_delCharFromIText
 .text.HUlib_resetIText
                0x000070fc       0x18 /tmp/ccKCxv9t.o
                0x000070fc                HUlib_resetIText
 .text.HUlib_keyInIText
                0x00007114       0x48 /tmp/ccKCxv9t.o
                0x00007114                HUlib_keyInIText
 .text.HUlib_drawIText
                0x0000715c       0x18 /tmp/ccKCxv9t.o
                0x0000715c                HUlib_drawIText
 .text.HUlib_eraseIText
                0x00007174       0x50 /tmp/ccKCxv9t.o
                0x00007174                HUlib_eraseIText
 .text.ForeignTranslation
                0x000071c4       0x20 /tmp/ccEARxVL.o
                0x000071c4                ForeignTranslation
 .text.HU_Init  0x000071e4       0x80 /tmp/ccEARxVL.o
                0x000071e4                HU_Init
 .text.HU_Start
                0x00007264      0x19c /tmp/ccEARxVL.o
                0x00007264                HU_Start
 .text.HU_Drawer
                0x00007400       0x4c /tmp/ccEARxVL.o
                0x00007400                HU_Drawer
 .text.HU_Erase
                0x0000744c       0x34 /tmp/ccEARxVL.o
                0x0000744c                HU_Erase
 .text.HU_Ticker
                0x00007480      0x1f8 /tmp/ccEARxVL.o
                0x00007480                HU_Ticker
 .text.HU_queueChatChar
                0x00007678       0x40 /tmp/ccEARxVL.o
                0x00007678                HU_queueChatChar
 .text.HU_dequeueChatChar
                0x000076b8       0x30 /tmp/ccEARxVL.o
                0x000076b8                HU_dequeueChatChar
 .text.HU_Responder
                0x000076e8      0x2d8 /tmp/ccEARxVL.o
                0x000076e8                HU_Responder
 .text.M_CheckParm
                0x000079c0       0x70 /tmp/cc0sJo8D.o
                0x000079c0                M_CheckParm
 .text.M_ClearBox
                0x00007a30       0x1c /tmp/ccXiNted.o
                0x00007a30                M_ClearBox
 .text.M_AddToBox
                0x00007a4c       0x3c /tmp/ccXiNted.o
                0x00007a4c                M_AddToBox
 .text.cht_CheckCheat
                0x00007a88      0x100 /tmp/ccKIE5CM.o
                0x00007a88                cht_CheckCheat
 .text.cht_GetParam
                0x00007b88       0x4c /tmp/ccKIE5CM.o
                0x00007b88                cht_GetParam
 .text.FixedMul
                0x00007bd4       0x18 /tmp/cc1eAt7H.o
                0x00007bd4                FixedMul
 .text.FixedDiv
                0x00007bec       0x84 /tmp/cc1eAt7H.o
                0x00007bec                FixedDiv
 .text.M_ChangeMessages
                0x00007c70       0x50 /tmp/ccfLgswY.o
                0x00007c70                M_ChangeMessages
 .text.M_DrawMainMenu
                0x00007cc0       0x34 /tmp/ccfLgswY.o
                0x00007cc0                M_DrawMainMenu
 .text.M_DrawNewGame
                0x00007cf4       0x58 /tmp/ccfLgswY.o
                0x00007cf4                M_DrawNewGame
 .text.M_DrawEpisode
                0x00007d4c       0x34 /tmp/ccfLgswY.o
                0x00007d4c                M_DrawEpisode
 .text.M_LoadSelect
                0x00007d80       0x54 /tmp/ccfLgswY.o
                0x00007d80                M_LoadSelect
 .text.M_SaveSelect
                0x00007dd4       0x70 /tmp/ccfLgswY.o
                0x00007dd4                M_SaveSelect
 .text.M_SfxVol
                0x00007e44       0x38 /tmp/ccfLgswY.o
                0x00007e44                M_SfxVol
 .text.M_MusicVol
                0x00007e7c       0x38 /tmp/ccfLgswY.o
                0x00007e7c                M_MusicVol
 .text.M_ChangeDetail
                0x00007eb4       0x24 /tmp/ccfLgswY.o
                0x00007eb4                M_ChangeDetail
 .text.M_SizeDisplay
                0x00007ed8       0x54 /tmp/ccfLgswY.o
                0x00007ed8                M_SizeDisplay
 .text.M_ChangeSensitivity
                0x00007f2c       0x38 /tmp/ccfLgswY.o
                0x00007f2c                M_ChangeSensitivity
 .text.M_DrawReadThis1
                0x00007f64       0x70 /tmp/ccfLgswY.o
                0x00007f64                M_DrawReadThis1
 .text.M_DrawReadThis2
                0x00007fd4       0x68 /tmp/ccfLgswY.o
                0x00007fd4                M_DrawReadThis2
 .text.M_QuitResponse
                0x0000803c       0x68 /tmp/ccfLgswY.o
                0x0000803c                M_QuitResponse
 .text.M_QuickLoadResponse
                0x000080a4       0x30 /tmp/ccfLgswY.o
                0x000080a4                M_QuickLoadResponse
 .text.M_VerifyNightmare
                0x000080d4       0x38 /tmp/ccfLgswY.o
                0x000080d4                M_VerifyNightmare
 .text.M_EndGameResponse
                0x0000810c       0x20 /tmp/ccfLgswY.o
                0x0000810c                M_EndGameResponse
 .text.M_ReadSaveStrings
                0x0000812c       0xd8 /tmp/ccfLgswY.o
                0x0000812c                M_ReadSaveStrings
 .text.M_DrawSaveLoadBorder
                0x00008204       0xb0 /tmp/ccfLgswY.o
                0x00008204                M_DrawSaveLoadBorder
 .text.M_DoSave
                0x000082b4       0x4c /tmp/ccfLgswY.o
                0x000082b4                M_DoSave
 .text.M_QuickSaveResponse
                0x00008300       0x30 /tmp/ccfLgswY.o
                0x00008300                M_QuickSaveResponse
 .text.M_DrawThermo
                0x00008330      0x120 /tmp/ccfLgswY.o
                0x00008330                M_DrawThermo
 .text.M_DrawSound
                0x00008450       0x74 /tmp/ccfLgswY.o
                0x00008450                M_DrawSound
 .text.M_DrawOptions
                0x000084c4      0x110 /tmp/ccfLgswY.o
                0x000084c4                M_DrawOptions
 .text.M_StartMessage
                0x000085d4       0x24 /tmp/ccfLgswY.o
                0x000085d4                M_StartMessage
 .text.M_QuickLoad
                0x000085f8       0x8c /tmp/ccfLgswY.o
                0x000085f8                M_QuickLoad
 .text.M_EndGame
                0x00008684       0x48 /tmp/ccfLgswY.o
                0x00008684                M_EndGame
 .text.M_QuitDOOM
                0x000086cc       0x70 /tmp/ccfLgswY.o
                0x000086cc                M_QuitDOOM
 .text.M_ChooseSkill
                0x0000873c       0x48 /tmp/ccfLgswY.o
                0x0000873c                M_ChooseSkill
 .text.M_StringWidth
                0x00008784       0xc8 /tmp/ccfLgswY.o
                0x00008784                M_StringWidth
 .text.M_StringHeight
                0x0000884c       0x80 /tmp/ccfLgswY.o
                0x0000884c                M_StringHeight
 .text.M_WriteText
                0x000088cc       0xf8 /tmp/ccfLgswY.o
                0x000088cc                M_WriteText
 .text.M_DrawLoad
                0x000089c4       0xa8 /tmp/ccfLgswY.o
                0x000089c4                M_DrawLoad
 .text.M_DrawSave
                0x00008a6c      0x114 /tmp/ccfLgswY.o
                0x00008a6c                M_DrawSave
 .text.M_StartControlPanel
                0x00008b80       0x28 /tmp/ccfLgswY.o
                0x00008b80                M_StartControlPanel
 .text.M_Drawer
                0x00008ba8      0x270 /tmp/ccfLgswY.o
                0x00008ba8                M_Drawer
 .text.M_SetupNextMenu
                0x00008e18       0x10 /tmp/ccfLgswY.o
                0x00008e18                M_SetupNextMenu
 .text.M_LoadGame
                0x00008e28       0x3c /tmp/ccfLgswY.o
                0x00008e28                M_LoadGame
 .text.M_SaveGame
                0x00008e64       0x48 /tmp/ccfLgswY.o
                0x00008e64                M_SaveGame
 .text.M_QuickSave
                0x00008eac       0xa8 /tmp/ccfLgswY.o
                0x00008eac                M_QuickSave
 .text.M_Responder
                0x00008f54      0x858 /tmp/ccfLgswY.o
                0x00008f54                M_Responder
 .text.M_Sound  0x000097ac        0xc /tmp/ccfLgswY.o
                0x000097ac                M_Sound
 .text.M_NewGame
                0x000097b8       0x48 /tmp/ccfLgswY.o
                0x000097b8                M_NewGame
 .text.M_Episode
                0x00009800       0x78 /tmp/ccfLgswY.o
                0x00009800                M_Episode
 .text.M_Options
                0x00009878        0xc /tmp/ccfLgswY.o
                0x00009878                M_Options
 .text.M_ReadThis
                0x00009884        0xc /tmp/ccfLgswY.o
                0x00009884                M_ReadThis
 .text.M_ReadThis2
                0x00009890        0xc /tmp/ccfLgswY.o
                0x00009890                M_ReadThis2
 .text.M_FinishReadThis
                0x0000989c        0xc /tmp/ccfLgswY.o
                0x0000989c                M_FinishReadThis
 .text.M_Ticker
                0x000098a8       0x30 /tmp/ccfLgswY.o
                0x000098a8                M_Ticker
 .text.M_Init   0x000098d8       0xf4 /tmp/ccfLgswY.o
                0x000098d8                M_Init
 .text.M_WriteFile
                0x000099cc       0x74 /tmp/ccUIbcSk.o
                0x000099cc                M_WriteFile
 .text.M_ReadFile
                0x00009a40       0xe8 /tmp/ccUIbcSk.o
                0x00009a40                M_ReadFile
 .text.M_SaveDefaults
                0x00009b28       0xfc /tmp/ccUIbcSk.o
                0x00009b28                M_SaveDefaults
 .text.M_LoadDefaults
                0x00009c24      0x204 /tmp/ccUIbcSk.o
                0x00009c24                M_LoadDefaults
 .text.WritePCXfile
                0x00009e28      0x17c /tmp/ccUIbcSk.o
                0x00009e28                WritePCXfile
 .text.M_ScreenShot
                0x00009fa4      0x110 /tmp/ccUIbcSk.o
                0x00009fa4                M_ScreenShot
 .text.P_Random
                0x0000a0b4       0x24 /tmp/ccvDkeA0.o
                0x0000a0b4                P_Random
 .text.M_Random
                0x0000a0d8       0x24 /tmp/ccvDkeA0.o
                0x0000a0d8                M_Random
 .text.M_ClearRandom
                0x0000a0fc        0xc /tmp/ccvDkeA0.o
                0x0000a0fc                M_ClearRandom
 .text.P_AddActiveCeiling
                0x0000a108       0x3c /tmp/cclH31lB.o
                0x0000a108                P_AddActiveCeiling
 .text.P_RemoveActiveCeiling
                0x0000a144       0x68 /tmp/cclH31lB.o
                0x0000a144                P_RemoveActiveCeiling
 .text.T_MoveCeiling
                0x0000a1ac      0x1b0 /tmp/cclH31lB.o
                0x0000a1ac                T_MoveCeiling
 .text.P_ActivateInStasisCeiling
                0x0000a35c       0x48 /tmp/cclH31lB.o
                0x0000a35c                P_ActivateInStasisCeiling
 .text.EV_DoCeiling
                0x0000a3a4      0x18c /tmp/cclH31lB.o
                0x0000a3a4                EV_DoCeiling
 .text.EV_CeilingCrushStop
                0x0000a530       0x4c /tmp/cclH31lB.o
                0x0000a530                EV_CeilingCrushStop
 .text.T_VerticalDoor
                0x0000a57c      0x1d4 /tmp/cc3mgFQP.o
                0x0000a57c                T_VerticalDoor
 .text.EV_DoDoor
                0x0000a750      0x1dc /tmp/cc3mgFQP.o
                0x0000a750                EV_DoDoor
 .text.EV_DoLockedDoor
                0x0000a92c       0xc8 /tmp/cc3mgFQP.o
                0x0000a92c                EV_DoLockedDoor
 .text.EV_VerticalDoor
                0x0000a9f4      0x270 /tmp/cc3mgFQP.o
                0x0000a9f4                EV_VerticalDoor
 .text.P_SpawnDoorCloseIn30
                0x0000ac64       0x70 /tmp/cc3mgFQP.o
                0x0000ac64                P_SpawnDoorCloseIn30
 .text.P_SpawnDoorRaiseIn5Mins
                0x0000acd4       0x98 /tmp/cc3mgFQP.o
                0x0000acd4                P_SpawnDoorRaiseIn5Mins
 .text.PIT_VileCheck
                0x0000ad6c       0xd0 /tmp/ccqpieuX.o
                0x0000ad6c                PIT_VileCheck
 .text.P_RecursiveSound
                0x0000ae3c      0x108 /tmp/ccqpieuX.o
                0x0000ae3c                P_RecursiveSound
 .text.P_NoiseAlert
                0x0000af44       0x20 /tmp/ccqpieuX.o
                0x0000af44                P_NoiseAlert
 .text.P_CheckMeleeRange
                0x0000af64       0x7c /tmp/ccqpieuX.o
                0x0000af64                P_CheckMeleeRange
 .text.P_CheckMissileRange
                0x0000afe0      0x118 /tmp/ccqpieuX.o
                0x0000afe0                P_CheckMissileRange
 .text.P_Move   0x0000b0f8      0x170 /tmp/ccqpieuX.o
                0x0000b0f8                P_Move
 .text.P_TryWalk
                0x0000b268       0x44 /tmp/ccqpieuX.o
                0x0000b268                P_TryWalk
 .text.P_NewChaseDir
                0x0000b2ac      0x244 /tmp/ccqpieuX.o
                0x0000b2ac                P_NewChaseDir
 .text.P_LookForPlayers
                0x0000b4f0      0x184 /tmp/ccqpieuX.o
                0x0000b4f0                P_LookForPlayers
 .text.A_KeenDie
                0x0000b674       0x7c /tmp/ccqpieuX.o
                0x0000b674                A_KeenDie
 .text.A_Look   0x0000b6f0       0xf8 /tmp/ccqpieuX.o
                0x0000b6f0                A_Look
 .text.A_Chase  0x0000b7e8      0x224 /tmp/ccqpieuX.o
                0x0000b7e8                A_Chase
 .text.A_FaceTarget
                0x0000ba0c       0x88 /tmp/ccqpieuX.o
                0x0000ba0c                A_FaceTarget
 .text.A_PosAttack
                0x0000ba94       0xa8 /tmp/ccqpieuX.o
                0x0000ba94                A_PosAttack
 .text.A_SPosAttack
                0x0000bb3c       0xd8 /tmp/ccqpieuX.o
                0x0000bb3c                A_SPosAttack
 .text.A_CPosAttack
                0x0000bc14       0xa4 /tmp/ccqpieuX.o
                0x0000bc14                A_CPosAttack
 .text.A_CPosRefire
                0x0000bcb8       0x68 /tmp/ccqpieuX.o
                0x0000bcb8                A_CPosRefire
 .text.A_SpidRefire
                0x0000bd20       0x68 /tmp/ccqpieuX.o
                0x0000bd20                A_SpidRefire
 .text.A_BspiAttack
                0x0000bd88       0x3c /tmp/ccqpieuX.o
                0x0000bd88                A_BspiAttack
 .text.A_TroopAttack
                0x0000bdc4       0x88 /tmp/ccqpieuX.o
                0x0000bdc4                A_TroopAttack
 .text.A_SargAttack
                0x0000be4c       0x6c /tmp/ccqpieuX.o
                0x0000be4c                A_SargAttack
 .text.A_HeadAttack
                0x0000beb8       0x7c /tmp/ccqpieuX.o
                0x0000beb8                A_HeadAttack
 .text.A_CyberAttack
                0x0000bf34       0x3c /tmp/ccqpieuX.o
                0x0000bf34                A_CyberAttack
 .text.A_BruisAttack
                0x0000bf70       0x80 /tmp/ccqpieuX.o
                0x0000bf70                A_BruisAttack
 .text.A_SkelMissile
                0x0000bff0       0x8c /tmp/ccqpieuX.o
                0x0000bff0                A_SkelMissile
 .text.A_Tracer
                0x0000c07c      0x1ac /tmp/ccqpieuX.o
                0x0000c07c                A_Tracer
 .text.A_SkelWhoosh
                0x0000c228       0x38 /tmp/ccqpieuX.o
                0x0000c228                A_SkelWhoosh
 .text.A_SkelFist
                0x0000c260       0x8c /tmp/ccqpieuX.o
                0x0000c260                A_SkelFist
 .text.A_VileChase
                0x0000c2ec      0x1a8 /tmp/ccqpieuX.o
                0x0000c2ec                A_VileChase
 .text.A_VileStart
                0x0000c494        0x8 /tmp/ccqpieuX.o
                0x0000c494                A_VileStart
 .text.A_Fire   0x0000c49c       0xd0 /tmp/ccqpieuX.o
                0x0000c49c                A_Fire
 .text.A_StartFire
                0x0000c56c       0x2c /tmp/ccqpieuX.o
                0x0000c56c                A_StartFire
 .text.A_FireCrackle
                0x0000c598       0x2c /tmp/ccqpieuX.o
                0x0000c598                A_FireCrackle
 .text.A_VileTarget
                0x0000c5c4       0x58 /tmp/ccqpieuX.o
                0x0000c5c4                A_VileTarget
 .text.A_VileAttack
                0x0000c61c      0x114 /tmp/ccqpieuX.o
                0x0000c61c                A_VileAttack
 .text.A_FatRaise
                0x0000c730       0x2c /tmp/ccqpieuX.o
                0x0000c730                A_FatRaise
 .text.A_FatAttack1
                0x0000c75c       0xb8 /tmp/ccqpieuX.o
                0x0000c75c                A_FatAttack1
 .text.A_FatAttack2
                0x0000c814       0xb4 /tmp/ccqpieuX.o
                0x0000c814                A_FatAttack2
 .text.A_FatAttack3
                0x0000c8c8      0x10c /tmp/ccqpieuX.o
                0x0000c8c8                A_FatAttack3
 .text.A_SkullAttack
                0x0000c9d4       0xe8 /tmp/ccqpieuX.o
                0x0000c9d4                A_SkullAttack
 .text.A_PainShootSkull
                0x0000cabc      0x184 /tmp/ccqpieuX.o
                0x0000cabc                A_PainShootSkull
 .text.A_PainAttack
                0x0000cc40       0x38 /tmp/ccqpieuX.o
                0x0000cc40                A_PainAttack
 .text.A_PainDie
                0x0000cc78       0x64 /tmp/ccqpieuX.o
                0x0000cc78                A_PainDie
 .text.A_Scream
                0x0000ccdc       0x98 /tmp/ccqpieuX.o
                0x0000ccdc                A_Scream
 .text.A_XScream
                0x0000cd74        0x8 /tmp/ccqpieuX.o
                0x0000cd74                A_XScream
 .text.A_Pain   0x0000cd7c       0x14 /tmp/ccqpieuX.o
                0x0000cd7c                A_Pain
 .text.A_Fall   0x0000cd90       0x10 /tmp/ccqpieuX.o
                0x0000cd90                A_Fall
 .text.A_Explode
                0x0000cda0        0xc /tmp/ccqpieuX.o
                0x0000cda0                A_Explode
 .text.A_BossDeath
                0x0000cdac      0x1cc /tmp/ccqpieuX.o
                0x0000cdac                A_BossDeath
 .text.A_Hoof   0x0000cf78       0x2c /tmp/ccqpieuX.o
                0x0000cf78                A_Hoof
 .text.A_Metal  0x0000cfa4       0x2c /tmp/ccqpieuX.o
                0x0000cfa4                A_Metal
 .text.A_BabyMetal
                0x0000cfd0       0x2c /tmp/ccqpieuX.o
                0x0000cfd0                A_BabyMetal
 .text.A_OpenShotgun2
                0x0000cffc        0xc /tmp/ccqpieuX.o
                0x0000cffc                A_OpenShotgun2
 .text.A_LoadShotgun2
                0x0000d008        0xc /tmp/ccqpieuX.o
                0x0000d008                A_LoadShotgun2
 .text.A_CloseShotgun2
                0x0000d014       0x40 /tmp/ccqpieuX.o
                0x0000d014                A_CloseShotgun2
 .text.A_BrainAwake
                0x0000d054       0x78 /tmp/ccqpieuX.o
                0x0000d054                A_BrainAwake
 .text.A_BrainPain
                0x0000d0cc        0xc /tmp/ccqpieuX.o
                0x0000d0cc                A_BrainPain
 .text.A_BrainScream
                0x0000d0d8       0xdc /tmp/ccqpieuX.o
                0x0000d0d8                A_BrainScream
 .text.A_BrainExplode
                0x0000d1b4       0xa8 /tmp/ccqpieuX.o
                0x0000d1b4                A_BrainExplode
 .text.A_BrainDie
                0x0000d25c        0x4 /tmp/ccqpieuX.o
                0x0000d25c                A_BrainDie
 .text.A_BrainSpit
                0x0000d260       0xc0 /tmp/ccqpieuX.o
                0x0000d260                A_BrainSpit
 .text.A_SpawnFly
                0x0000d320      0x124 /tmp/ccqpieuX.o
                0x0000d320                A_SpawnFly
 .text.A_SpawnSound
                0x0000d444       0x2c /tmp/ccqpieuX.o
                0x0000d444                A_SpawnSound
 .text.A_PlayerScream
                0x0000d470       0x20 /tmp/ccqpieuX.o
                0x0000d470                A_PlayerScream
 .text.T_MovePlane
                0x0000d490      0x190 /tmp/cczxoUUx.o
                0x0000d490                T_MovePlane
 .text.T_MoveFloor
                0x0000d620       0xd8 /tmp/cczxoUUx.o
                0x0000d620                T_MoveFloor
 .text.EV_DoFloor
                0x0000d6f8      0x3dc /tmp/cczxoUUx.o
                0x0000d6f8                EV_DoFloor
 .text.EV_BuildStairs
                0x0000dad4      0x1d4 /tmp/cczxoUUx.o
                0x0000dad4                EV_BuildStairs
 .text.P_GiveAmmo
                0x0000dca8      0x138 /tmp/cc37mN0l.o
                0x0000dca8                P_GiveAmmo
 .text.P_GiveWeapon
                0x0000dde0      0x12c /tmp/cc37mN0l.o
                0x0000dde0                P_GiveWeapon
 .text.P_GiveBody
                0x0000df0c       0x38 /tmp/cc37mN0l.o
                0x0000df0c                P_GiveBody
 .text.P_GiveArmor
                0x0000df44       0x28 /tmp/cc37mN0l.o
                0x0000df44                P_GiveArmor
 .text.P_GiveCard
                0x0000df6c       0x24 /tmp/cc37mN0l.o
                0x0000df6c                P_GiveCard
 .text.P_GivePower
                0x0000df90       0xbc /tmp/cc37mN0l.o
                0x0000df90                P_GivePower
 .text.P_TouchSpecialThing
                0x0000e04c      0x64c /tmp/cc37mN0l.o
                0x0000e04c                P_TouchSpecialThing
 .text.P_KillMobj
                0x0000e698      0x210 /tmp/cc37mN0l.o
                0x0000e698                P_KillMobj
 .text.P_DamageMobj
                0x0000e8a8      0x36c /tmp/cc37mN0l.o
                0x0000e8a8                P_DamageMobj
 .text.T_StrobeFlash
                0x0000ec14       0x40 /tmp/ccbT5xtP.o
                0x0000ec14                T_StrobeFlash
 .text.T_Glow   0x0000ec54       0x74 /tmp/ccbT5xtP.o
                0x0000ec54                T_Glow
 .text.T_FireFlicker
                0x0000ecc8       0x74 /tmp/ccbT5xtP.o
                0x0000ecc8                T_FireFlicker
 .text.T_LightFlash
                0x0000ed3c       0x70 /tmp/ccbT5xtP.o
                0x0000ed3c                T_LightFlash
 .text.P_SpawnFireFlicker
                0x0000edac       0x74 /tmp/ccbT5xtP.o
                0x0000edac                P_SpawnFireFlicker
 .text.P_SpawnLightFlash
                0x0000ee20       0x8c /tmp/ccbT5xtP.o
                0x0000ee20                P_SpawnLightFlash
 .text.P_SpawnStrobeFlash
                0x0000eeac       0xb0 /tmp/ccbT5xtP.o
                0x0000eeac                P_SpawnStrobeFlash
 .text.EV_StartLightStrobing
                0x0000ef5c       0x78 /tmp/ccbT5xtP.o
                0x0000ef5c                EV_StartLightStrobing
 .text.EV_TurnTagLightsOff
                0x0000efd4       0xb4 /tmp/ccbT5xtP.o
                0x0000efd4                EV_TurnTagLightsOff
 .text.EV_LightTurnOn
                0x0000f088       0xb8 /tmp/ccbT5xtP.o
                0x0000f088                EV_LightTurnOn
 .text.P_SpawnGlowingLight
                0x0000f140       0x74 /tmp/ccbT5xtP.o
                0x0000f140                P_SpawnGlowingLight
 .text.PIT_StompThing
                0x0000f1b4       0xb4 /tmp/cckymBR5.o
                0x0000f1b4                PIT_StompThing
 .text.PIT_CheckLine
                0x0000f268      0x110 /tmp/cckymBR5.o
                0x0000f268                PIT_CheckLine
 .text.PIT_CheckThing
                0x0000f378      0x1d8 /tmp/cckymBR5.o
                0x0000f378                PIT_CheckThing
 .text.PTR_SlideTraverse
                0x0000f550       0xd4 /tmp/cckymBR5.o
                0x0000f550                PTR_SlideTraverse
 .text.PTR_AimTraverse
                0x0000f624      0x188 /tmp/cckymBR5.o
                0x0000f624                PTR_AimTraverse
 .text.PTR_ShootTraverse
                0x0000f7ac      0x2d8 /tmp/cckymBR5.o
                0x0000f7ac                PTR_ShootTraverse
 .text.PTR_UseTraverse
                0x0000fa84       0x80 /tmp/cckymBR5.o
                0x0000fa84                PTR_UseTraverse
 .text.PIT_RadiusAttack
                0x0000fb04       0xdc /tmp/cckymBR5.o
                0x0000fb04                PIT_RadiusAttack
 .text.P_TeleportMove
                0x0000fbe0      0x1a0 /tmp/cckymBR5.o
                0x0000fbe0                P_TeleportMove
 .text.P_CheckPosition
                0x0000fd80      0x1e4 /tmp/cckymBR5.o
                0x0000fd80                P_CheckPosition
 .text.P_TryMove
                0x0000ff64      0x198 /tmp/cckymBR5.o
                0x0000ff64                P_TryMove
 .text.P_ThingHeightClip
                0x000100fc       0x84 /tmp/cckymBR5.o
                0x000100fc                P_ThingHeightClip
 .text.PIT_ChangeSector
                0x00010180      0x108 /tmp/cckymBR5.o
                0x00010180                PIT_ChangeSector
 .text.P_HitSlideLine
                0x00010288      0x120 /tmp/cckymBR5.o
                0x00010288                P_HitSlideLine
 .text.P_SlideMove
                0x000103a8      0x268 /tmp/cckymBR5.o
                0x000103a8                P_SlideMove
 .text.P_AimLineAttack
                0x00010610       0xb8 /tmp/cckymBR5.o
                0x00010610                P_AimLineAttack
 .text.P_LineAttack
                0x000106c8       0x80 /tmp/cckymBR5.o
                0x000106c8                P_LineAttack
 .text.P_UseLines
                0x00010748       0x58 /tmp/cckymBR5.o
                0x00010748                P_UseLines
 .text.P_RadiusAttack
                0x000107a0       0xc4 /tmp/cckymBR5.o
                0x000107a0                P_RadiusAttack
 .text.P_ChangeSector
                0x00010864       0x88 /tmp/cckymBR5.o
                0x00010864                P_ChangeSector
 .text.P_AproxDistance
                0x000108ec       0x54 /tmp/ccf8vVS2.o
                0x000108ec                P_AproxDistance
 .text.P_PointOnLineSide
                0x00010940       0x9c /tmp/ccf8vVS2.o
                0x00010940                P_PointOnLineSide
 .text.P_BoxOnLineSide
                0x000109dc       0xec /tmp/ccf8vVS2.o
                0x000109dc                P_BoxOnLineSide
 .text.P_PointOnDivlineSide
                0x00010ac8       0xbc /tmp/ccf8vVS2.o
                0x00010ac8                P_PointOnDivlineSide
 .text.P_MakeDivline
                0x00010b84       0x28 /tmp/ccf8vVS2.o
                0x00010b84                P_MakeDivline
 .text.P_InterceptVector
                0x00010bac       0xc4 /tmp/ccf8vVS2.o
                0x00010bac                P_InterceptVector
 .text.PIT_AddLineIntercepts
                0x00010c70      0x124 /tmp/ccf8vVS2.o
                0x00010c70                PIT_AddLineIntercepts
 .text.PIT_AddThingIntercepts
                0x00010d94      0x104 /tmp/ccf8vVS2.o
                0x00010d94                PIT_AddThingIntercepts
 .text.P_LineOpening
                0x00010e98       0x58 /tmp/ccf8vVS2.o
                0x00010e98                P_LineOpening
 .text.P_UnsetThingPosition
                0x00010ef0       0xb4 /tmp/ccf8vVS2.o
                0x00010ef0                P_UnsetThingPosition
 .text.P_SetThingPosition
                0x00010fa4       0xd0 /tmp/ccf8vVS2.o
                0x00010fa4                P_SetThingPosition
 .text.P_BlockLinesIterator
                0x00011074       0xc4 /tmp/ccf8vVS2.o
                0x00011074                P_BlockLinesIterator
 .text.P_BlockThingsIterator
                0x00011138       0x7c /tmp/ccf8vVS2.o
                0x00011138                P_BlockThingsIterator
 .text.P_TraverseIntercepts
                0x000111b4       0xd8 /tmp/ccf8vVS2.o
                0x000111b4                P_TraverseIntercepts
 .text.P_PathTraverse
                0x0001128c      0x2d4 /tmp/ccf8vVS2.o
                0x0001128c                P_PathTraverse
 .text.P_SpawnMobj
                0x00011560      0x174 /tmp/ccj2wwR0.o
                0x00011560                P_SpawnMobj
 .text.P_RemoveMobj
                0x000116d4       0xc4 /tmp/ccj2wwR0.o
                0x000116d4                P_RemoveMobj
 .text.P_SetMobjState
                0x00011798       0xac /tmp/ccj2wwR0.o
                0x00011798                P_SetMobjState
 .text.P_ExplodeMissile
                0x00011844       0x9c /tmp/ccj2wwR0.o
                0x00011844                P_ExplodeMissile
 .text.P_ZMovement
                0x000118e0      0x1dc /tmp/ccj2wwR0.o
                0x000118e0                P_ZMovement
 .text.P_XYMovement
                0x00011abc      0x2e0 /tmp/ccj2wwR0.o
                0x00011abc                P_XYMovement
 .text.P_NightmareRespawn
                0x00011d9c      0x12c /tmp/ccj2wwR0.o
                0x00011d9c                P_NightmareRespawn
 .text.P_MobjThinker
                0x00011ec8      0x104 /tmp/ccj2wwR0.o
                0x00011ec8                P_MobjThinker
 .text.P_RespawnSpecials
                0x00011fcc      0x170 /tmp/ccj2wwR0.o
                0x00011fcc                P_RespawnSpecials
 .text.P_SpawnPlayer
                0x0001213c      0x170 /tmp/ccj2wwR0.o
                0x0001213c                P_SpawnPlayer
 .text.P_SpawnMapThing
                0x000122ac      0x234 /tmp/ccj2wwR0.o
                0x000122ac                P_SpawnMapThing
 .text.P_SpawnPuff
                0x000124e0       0xb4 /tmp/ccj2wwR0.o
                0x000124e0                P_SpawnPuff
 .text.P_SpawnBlood
                0x00012594       0xd0 /tmp/ccj2wwR0.o
                0x00012594                P_SpawnBlood
 .text.P_CheckMissileSpawn
                0x00012664       0x98 /tmp/ccj2wwR0.o
                0x00012664                P_CheckMissileSpawn
 .text.P_SpawnMissile
                0x000126fc      0x14c /tmp/ccj2wwR0.o
                0x000126fc                P_SpawnMissile
 .text.P_SpawnPlayerMissile
                0x00012848      0x14c /tmp/ccj2wwR0.o
                0x00012848                P_SpawnPlayerMissile
 .text.P_ActivateInStasis
                0x00012994       0x48 /tmp/ccvd2S5m.o
                0x00012994                P_ActivateInStasis
 .text.EV_StopPlat
                0x000129dc       0x44 /tmp/ccvd2S5m.o
                0x000129dc                EV_StopPlat
 .text.P_AddActivePlat
                0x00012a20       0x44 /tmp/ccvd2S5m.o
                0x00012a20                P_AddActivePlat
 .text.EV_DoPlat
                0x00012a64      0x24c /tmp/ccvd2S5m.o
                0x00012a64                EV_DoPlat
 .text.P_RemoveActivePlat
                0x00012cb0       0x80 /tmp/ccvd2S5m.o
                0x00012cb0                P_RemoveActivePlat
 .text.T_PlatRaise
                0x00012d30      0x188 /tmp/ccvd2S5m.o
                0x00012d30                T_PlatRaise
 .text.P_SetPsprite
                0x00012eb8       0xe4 /tmp/cc1JYthu.o
                0x00012eb8                P_SetPsprite
 .text.P_BringUpWeapon
                0x00012f9c       0x7c /tmp/cc1JYthu.o
                0x00012f9c                P_BringUpWeapon
 .text.P_CheckAmmo
                0x00013018      0x150 /tmp/cc1JYthu.o
                0x00013018                P_CheckAmmo
 .text.P_FireWeapon
                0x00013168       0x74 /tmp/cc1JYthu.o
                0x00013168                P_FireWeapon
 .text.P_DropWeapon
                0x000131dc       0x24 /tmp/cc1JYthu.o
                0x000131dc                P_DropWeapon
 .text.A_WeaponReady
                0x00013200      0x18c /tmp/cc1JYthu.o
                0x00013200                A_WeaponReady
 .text.A_ReFire
                0x0001338c       0x40 /tmp/cc1JYthu.o
                0x0001338c                A_ReFire
 .text.A_CheckReload
                0x000133cc        0x4 /tmp/cc1JYthu.o
                0x000133cc                A_CheckReload
 .text.A_Lower  0x000133d0       0x50 /tmp/cc1JYthu.o
                0x000133d0                A_Lower
 .text.A_Raise  0x00013420       0x44 /tmp/cc1JYthu.o
                0x00013420                A_Raise
 .text.A_GunFlash
                0x00013464       0x50 /tmp/cc1JYthu.o
                0x00013464                A_GunFlash
 .text.A_Punch  0x000134b4       0xd0 /tmp/cc1JYthu.o
                0x000134b4                A_Punch
 .text.A_Saw    0x00013584      0x154 /tmp/cc1JYthu.o
                0x00013584                A_Saw
 .text.A_FireMissile
                0x000136d8       0x3c /tmp/cc1JYthu.o
                0x000136d8                A_FireMissile
 .text.A_FireBFG
                0x00013714       0x3c /tmp/cc1JYthu.o
                0x00013714                A_FireBFG
 .text.A_FirePlasma
                0x00013750       0x7c /tmp/cc1JYthu.o
                0x00013750                A_FirePlasma
 .text.P_BulletSlope
                0x000137cc       0x84 /tmp/cc1JYthu.o
                0x000137cc                P_BulletSlope
 .text.P_GunShot
                0x00013850       0x84 /tmp/cc1JYthu.o
                0x00013850                P_GunShot
 .text.A_FirePistol
                0x000138d4       0x8c /tmp/cc1JYthu.o
                0x000138d4                A_FirePistol
 .text.A_FireShotgun
                0x00013960       0xa0 /tmp/cc1JYthu.o
                0x00013960                A_FireShotgun
 .text.A_FireShotgun2
                0x00013a00      0x134 /tmp/cc1JYthu.o
                0x00013a00                A_FireShotgun2
 .text.A_FireCGun
                0x00013b34      0x114 /tmp/cc1JYthu.o
                0x00013b34                A_FireCGun
 .text.A_Light0
                0x00013c48        0x8 /tmp/cc1JYthu.o
                0x00013c48                A_Light0
 .text.A_Light1
                0x00013c50        0xc /tmp/cc1JYthu.o
                0x00013c50                A_Light1
 .text.A_Light2
                0x00013c5c        0xc /tmp/cc1JYthu.o
                0x00013c5c                A_Light2
 .text.A_BFGSpray
                0x00013c68       0xe8 /tmp/cc1JYthu.o
                0x00013c68                A_BFGSpray
 .text.A_BFGsound
                0x00013d50        0xc /tmp/cc1JYthu.o
                0x00013d50                A_BFGsound
 .text.P_SetupPsprites
                0x00013d5c       0x14 /tmp/cc1JYthu.o
                0x00013d5c                P_SetupPsprites
 .text.P_MovePsprites
                0x00013d70       0x9c /tmp/cc1JYthu.o
                0x00013d70                P_MovePsprites
 .text.P_ArchivePlayers
                0x00013e0c       0xe4 /tmp/ccmdsAPV.o
                0x00013e0c                P_ArchivePlayers
 .text.P_UnArchivePlayers
                0x00013ef0       0xd4 /tmp/ccmdsAPV.o
                0x00013ef0                P_UnArchivePlayers
 .text.P_ArchiveWorld
                0x00013fc4      0x110 /tmp/ccmdsAPV.o
                0x00013fc4                P_ArchiveWorld
 .text.P_UnArchiveWorld
                0x000140d4      0x128 /tmp/ccmdsAPV.o
                0x000140d4                P_UnArchiveWorld
 .text.P_ArchiveThinkers
                0x000141fc      0x104 /tmp/ccmdsAPV.o
                0x000141fc                P_ArchiveThinkers
 .text.P_UnArchiveThinkers
                0x00014300      0x188 /tmp/ccmdsAPV.o
                0x00014300                P_UnArchiveThinkers
 .text.P_ArchiveSpecials
                0x00014488      0x2e8 /tmp/ccmdsAPV.o
                0x00014488                P_ArchiveSpecials
 .text.P_UnArchiveSpecials
                0x00014770      0x378 /tmp/ccmdsAPV.o
                0x00014770                P_UnArchiveSpecials
 .text.P_LoadVertexes
                0x00014ae8       0x98 /tmp/cclbtQ5a.o
                0x00014ae8                P_LoadVertexes
 .text.P_LoadSegs
                0x00014b80      0x148 /tmp/cclbtQ5a.o
                0x00014b80                P_LoadSegs
 .text.P_LoadSubsectors
                0x00014cc8       0xac /tmp/cclbtQ5a.o
                0x00014cc8                P_LoadSubsectors
 .text.P_LoadSectors
                0x00014d74       0xfc /tmp/cclbtQ5a.o
                0x00014d74                P_LoadSectors
 .text.P_LoadNodes
                0x00014e70      0x110 /tmp/cclbtQ5a.o
                0x00014e70                P_LoadNodes
 .text.P_LoadThings
                0x00014f80       0xd0 /tmp/cclbtQ5a.o
                0x00014f80                P_LoadThings
 .text.P_LoadLineDefs
                0x00015050      0x1e8 /tmp/cclbtQ5a.o
                0x00015050                P_LoadLineDefs
 .text.P_LoadSideDefs
                0x00015238      0x114 /tmp/cclbtQ5a.o
                0x00015238                P_LoadSideDefs
 .text.P_LoadBlockMap
                0x0001534c       0x94 /tmp/cclbtQ5a.o
                0x0001534c                P_LoadBlockMap
 .text.P_GroupLines
                0x000153e0      0x27c /tmp/cclbtQ5a.o
                0x000153e0                P_GroupLines
 .text.P_SetupLevel
                0x0001565c      0x1e4 /tmp/cclbtQ5a.o
                0x0001565c                P_SetupLevel
 .text.P_Init   0x00015840       0x24 /tmp/cclbtQ5a.o
                0x00015840                P_Init
 .text.P_DivlineSide
                0x00015864       0x8c /tmp/ccsc2Jgi.o
                0x00015864                P_DivlineSide
 .text.P_InterceptVector2
                0x000158f0       0xc4 /tmp/ccsc2Jgi.o
                0x000158f0                P_InterceptVector2
 .text.P_CrossSubsector
                0x000159b4      0x200 /tmp/ccsc2Jgi.o
                0x000159b4                P_CrossSubsector
 .text.P_CrossBSPNode
                0x00015bb4      0x140 /tmp/ccsc2Jgi.o
                0x00015bb4                P_CrossBSPNode
 .text.P_CheckSight
                0x00015cf4      0x10c /tmp/ccsc2Jgi.o
                0x00015cf4                P_CheckSight
 .text.P_InitPicAnims
                0x00015e00      0x120 /tmp/ccVvVkCG.o
                0x00015e00                P_InitPicAnims
 .text.getSide  0x00015f20       0x44 /tmp/ccVvVkCG.o
                0x00015f20                getSide
 .text.getSector
                0x00015f64       0x48 /tmp/ccVvVkCG.o
                0x00015f64                getSector
 .text.twoSided
                0x00015fac       0x2c /tmp/ccVvVkCG.o
                0x00015fac                twoSided
 .text.getNextSector
                0x00015fd8       0x28 /tmp/ccVvVkCG.o
                0x00015fd8                getNextSector
 .text.P_FindLowestFloorSurrounding
                0x00016000       0x7c /tmp/ccVvVkCG.o
                0x00016000                P_FindLowestFloorSurrounding
 .text.P_FindHighestFloorSurrounding
                0x0001607c       0x7c /tmp/ccVvVkCG.o
                0x0001607c                P_FindHighestFloorSurrounding
 .text.P_FindNextHighestFloor
                0x000160f8       0xf0 /tmp/ccVvVkCG.o
                0x000160f8                P_FindNextHighestFloor
 .text.P_FindLowestCeilingSurrounding
                0x000161e8       0x80 /tmp/ccVvVkCG.o
                0x000161e8                P_FindLowestCeilingSurrounding
 .text.P_FindHighestCeilingSurrounding
                0x00016268       0x7c /tmp/ccVvVkCG.o
                0x00016268                P_FindHighestCeilingSurrounding
 .text.P_FindSectorFromLineTag
                0x000162e4       0x3c /tmp/ccVvVkCG.o
                0x000162e4                P_FindSectorFromLineTag
 .text.P_FindMinSurroundingLight
                0x00016320       0x7c /tmp/ccVvVkCG.o
                0x00016320                P_FindMinSurroundingLight
 .text.P_CrossSpecialLine
                0x0001639c      0x3e0 /tmp/ccVvVkCG.o
                0x0001639c                P_CrossSpecialLine
 .text.P_ShootSpecialLine
                0x0001677c       0x94 /tmp/ccVvVkCG.o
                0x0001677c                P_ShootSpecialLine
 .text.P_PlayerInSpecialSector
                0x00016810      0x158 /tmp/ccVvVkCG.o
                0x00016810                P_PlayerInSpecialSector
 .text.P_UpdateSpecials
                0x00016968      0x1e4 /tmp/ccVvVkCG.o
                0x00016968                P_UpdateSpecials
 .text.EV_DoDonut
                0x00016b4c      0x1a0 /tmp/ccVvVkCG.o
                0x00016b4c                EV_DoDonut
 .text.P_SpawnSpecials
                0x00016cec      0x250 /tmp/ccVvVkCG.o
                0x00016cec                P_SpawnSpecials
 .text.P_InitSwitchList
                0x00016f3c       0xdc /tmp/ccPJzS57.o
                0x00016f3c                P_InitSwitchList
 .text.P_StartButton
                0x00017018       0x84 /tmp/ccPJzS57.o
                0x00017018                P_StartButton
 .text.P_ChangeSwitchTexture
                0x0001709c      0x1c4 /tmp/ccPJzS57.o
                0x0001709c                P_ChangeSwitchTexture
 .text.P_UseSpecialLine
                0x00017260      0x338 /tmp/ccPJzS57.o
                0x00017260                P_UseSpecialLine
 .text.EV_Teleport
                0x00017598      0x1c0 /tmp/cc8iKbln.o
                0x00017598                EV_Teleport
 .text.P_InitThinkers
                0x00017758       0x14 /tmp/ccdfhlmN.o
                0x00017758                P_InitThinkers
 .text.P_AddThinker
                0x0001776c       0x20 /tmp/ccdfhlmN.o
                0x0001776c                P_AddThinker
 .text.P_RemoveThinker
                0x0001778c        0xc /tmp/ccdfhlmN.o
                0x0001778c                P_RemoveThinker
 .text.P_RunThinkers
                0x00017798       0x7c /tmp/ccdfhlmN.o
                0x00017798                P_RunThinkers
 .text.P_Ticker
                0x00017814       0xb4 /tmp/ccdfhlmN.o
                0x00017814                P_Ticker
 .text.P_Thrust
                0x000178c8       0x88 /tmp/cc3sh9yo.o
                0x000178c8                P_Thrust
 .text.P_CalcHeight
                0x00017950      0x160 /tmp/cc3sh9yo.o
                0x00017950                P_CalcHeight
 .text.P_MovePlayer
                0x00017ab0       0xc8 /tmp/cc3sh9yo.o
                0x00017ab0                P_MovePlayer
 .text.P_DeathThink
                0x00017b78       0xf0 /tmp/cc3sh9yo.o
                0x00017b78                P_DeathThink
 .text.P_PlayerThink
                0x00017c68      0x270 /tmp/cc3sh9yo.o
                0x00017c68                P_PlayerThink
 .text.R_ClearDrawSegs
                0x00017ed8       0x10 /tmp/ccvMH7AX.o
                0x00017ed8                R_ClearDrawSegs
 .text.R_ClipSolidWallSegment
                0x00017ee8      0x144 /tmp/ccvMH7AX.o
                0x00017ee8                R_ClipSolidWallSegment
 .text.R_ClipPassWallSegment
                0x0001802c       0x94 /tmp/ccvMH7AX.o
                0x0001802c                R_ClipPassWallSegment
 .text.R_ClearClipSegs
                0x000180c0       0x40 /tmp/ccvMH7AX.o
                0x000180c0                R_ClearClipSegs
 .text.R_AddLine
                0x00018100      0x170 /tmp/ccvMH7AX.o
                0x00018100                R_AddLine
 .text.R_CheckBBox
                0x00018270      0x1ac /tmp/ccvMH7AX.o
                0x00018270                R_CheckBBox
 .text.R_Subsector
                0x0001841c       0xdc /tmp/ccvMH7AX.o
                0x0001841c                R_Subsector
 .text.R_RenderBSPNode
                0x000184f8       0xe4 /tmp/ccvMH7AX.o
                0x000184f8                R_RenderBSPNode
 .text.R_DrawColumnInCache
                0x000185dc       0x98 /tmp/cccIYygE.o
                0x000185dc                R_DrawColumnInCache
 .text.R_GenerateComposite
                0x00018674      0x170 /tmp/cccIYygE.o
                0x00018674                R_GenerateComposite
 .text.R_GenerateLookup
                0x000187e4      0x214 /tmp/cccIYygE.o
                0x000187e4                R_GenerateLookup
 .text.R_GetColumn
                0x000189f8       0xa8 /tmp/cccIYygE.o
                0x000189f8                R_GetColumn
 .text.R_InitTextures
                0x00018aa0      0x508 /tmp/cccIYygE.o
                0x00018aa0                R_InitTextures
 .text.R_InitFlats
                0x00018fa8       0x8c /tmp/cccIYygE.o
                0x00018fa8                R_InitFlats
 .text.R_InitSpriteLumps
                0x00019034      0x140 /tmp/cccIYygE.o
                0x00019034                R_InitSpriteLumps
 .text.R_InitColormaps
                0x00019174       0x50 /tmp/cccIYygE.o
                0x00019174                R_InitColormaps
 .text.R_InitData
                0x000191c4       0x50 /tmp/cccIYygE.o
                0x000191c4                R_InitData
 .text.R_FlatNumForName
                0x00019214       0x5c /tmp/cccIYygE.o
                0x00019214                R_FlatNumForName
 .text.R_CheckTextureNumForName
                0x00019270       0x84 /tmp/cccIYygE.o
                0x00019270                R_CheckTextureNumForName
 .text.R_TextureNumForName
                0x000192f4       0x44 /tmp/cccIYygE.o
                0x000192f4                R_TextureNumForName
 .text.R_PrecacheLevel
                0x00019338      0x334 /tmp/cccIYygE.o
                0x00019338                R_PrecacheLevel
 .text.R_DrawColumn
                0x0001966c       0x90 /tmp/ccwKsAYB.o
                0x0001966c                R_DrawColumn
 .text.R_DrawColumnLow
                0x000196fc       0x9c /tmp/ccwKsAYB.o
                0x000196fc                R_DrawColumnLow
 .text.R_DrawFuzzColumn
                0x00019798       0xb8 /tmp/ccwKsAYB.o
                0x00019798                R_DrawFuzzColumn
 .text.R_DrawTranslatedColumn
                0x00019850       0x98 /tmp/ccwKsAYB.o
                0x00019850                R_DrawTranslatedColumn
 .text.R_InitTranslationTables
                0x000198e8       0xb8 /tmp/ccwKsAYB.o
                0x000198e8                R_InitTranslationTables
 .text.R_DrawSpan
                0x000199a0       0x9c /tmp/ccwKsAYB.o
                0x000199a0                R_DrawSpan
 .text.R_DrawSpanLow
                0x00019a3c       0xc8 /tmp/ccwKsAYB.o
                0x00019a3c                R_DrawSpanLow
 .text.R_InitBuffer
                0x00019b04       0x2c /tmp/ccwKsAYB.o
                0x00019b04                R_InitBuffer
 .text.R_FillBackScreen
                0x00019b30      0x2e4 /tmp/ccwKsAYB.o
                0x00019b30                R_FillBackScreen
 .text.R_VideoErase
                0x00019e14       0x20 /tmp/ccwKsAYB.o
                0x00019e14                R_VideoErase
 .text.R_DrawViewBorder
                0x00019e34       0xf0 /tmp/ccwKsAYB.o
                0x00019e34                R_DrawViewBorder
 .text.R_PointOnSide
                0x00019f24       0xb8 /tmp/cc5i2vm6.o
                0x00019f24                R_PointOnSide
 .text.R_PointOnSegSide
                0x00019fdc       0xc0 /tmp/cc5i2vm6.o
                0x00019fdc                R_PointOnSegSide
 .text.R_PointToAngle
                0x0001a09c      0x17c /tmp/cc5i2vm6.o
                0x0001a09c                R_PointToAngle
 .text.R_PointToAngle2
                0x0001a218       0x14 /tmp/cc5i2vm6.o
                0x0001a218                R_PointToAngle2
 .text.R_PointToDist
                0x0001a22c       0x9c /tmp/cc5i2vm6.o
                0x0001a22c                R_PointToDist
 .text.R_ScaleFromGlobalAngle
                0x0001a2c8       0xb0 /tmp/cc5i2vm6.o
                0x0001a2c8                R_ScaleFromGlobalAngle
 .text.R_InitTextureMapping
                0x0001a378      0x1b8 /tmp/cc5i2vm6.o
                0x0001a378                R_InitTextureMapping
 .text.R_InitLightTables
                0x0001a530       0xe4 /tmp/cc5i2vm6.o
                0x0001a530                R_InitLightTables
 .text.R_SetViewSize
                0x0001a614       0x14 /tmp/cc5i2vm6.o
                0x0001a614                R_SetViewSize
 .text.R_ExecuteSetViewSize
                0x0001a628      0x288 /tmp/cc5i2vm6.o
                0x0001a628                R_ExecuteSetViewSize
 .text.R_Init   0x0001a8b0       0x98 /tmp/cc5i2vm6.o
                0x0001a8b0                R_Init
 .text.R_PointInSubsector
                0x0001a948       0xac /tmp/cc5i2vm6.o
                0x0001a948                R_PointInSubsector
 .text.R_SetupFrame
                0x0001a9f4       0xc4 /tmp/cc5i2vm6.o
                0x0001a9f4                R_SetupFrame
 .text.R_RenderPlayerView
                0x0001aab8       0x48 /tmp/cc5i2vm6.o
                0x0001aab8                R_RenderPlayerView
 .text.R_InitPlanes
                0x0001ab00        0x4 /tmp/ccf0NvUc.o
                0x0001ab00                R_InitPlanes
 .text.R_MapPlane
                0x0001ab04      0x1d0 /tmp/ccf0NvUc.o
                0x0001ab04                R_MapPlane
 .text.R_ClearPlanes
                0x0001acd4       0xd8 /tmp/ccf0NvUc.o
                0x0001acd4                R_ClearPlanes
 .text.R_FindPlane
                0x0001adac       0xe4 /tmp/ccf0NvUc.o
                0x0001adac                R_FindPlane
 .text.R_CheckPlane
                0x0001ae90       0xb0 /tmp/ccf0NvUc.o
                0x0001ae90                R_CheckPlane
 .text.R_MakeSpans
                0x0001af40      0x110 /tmp/ccf0NvUc.o
                0x0001af40                R_MakeSpans
 .text.R_DrawPlanes
                0x0001b050      0x210 /tmp/ccf0NvUc.o
                0x0001b050                R_DrawPlanes
 .text.R_RenderMaskedSegRange
                0x0001b260      0x298 /tmp/cc60vALi.o
                0x0001b260                R_RenderMaskedSegRange
 .text.R_RenderSegLoop
                0x0001b4f8      0x394 /tmp/cc60vALi.o
                0x0001b4f8                R_RenderSegLoop
 .text.R_StoreWallRange
                0x0001b88c      0x85c /tmp/cc60vALi.o
                0x0001b88c                R_StoreWallRange
 .text.R_InitSkyMap
                0x0001c0e8        0xc /tmp/ccof1MZ4.o
                0x0001c0e8                R_InitSkyMap
 .text.R_InstallSpriteLump
                0x0001c0f4      0x1d0 /tmp/ccUvJ9IP.o
                0x0001c0f4                R_InstallSpriteLump
 .text.R_InitSpriteDefs
                0x0001c2c4      0x290 /tmp/ccUvJ9IP.o
                0x0001c2c4                R_InitSpriteDefs
 .text.R_InitSprites
                0x0001c554       0x20 /tmp/ccUvJ9IP.o
                0x0001c554                R_InitSprites
 .text.R_ClearSprites
                0x0001c574       0x10 /tmp/ccUvJ9IP.o
                0x0001c574                R_ClearSprites
 .text.R_NewVisSprite
                0x0001c584       0x28 /tmp/ccUvJ9IP.o
                0x0001c584                R_NewVisSprite
 .text.R_DrawMaskedColumn
                0x0001c5ac      0x118 /tmp/ccUvJ9IP.o
                0x0001c5ac                R_DrawMaskedColumn
 .text.R_DrawVisSprite
                0x0001c6c4      0x11c /tmp/ccUvJ9IP.o
                0x0001c6c4                R_DrawVisSprite
 .text.R_ProjectSprite
                0x0001c7e0      0x2e4 /tmp/ccUvJ9IP.o
                0x0001c7e0                R_ProjectSprite
 .text.R_AddSprites
                0x0001cac4       0x94 /tmp/ccUvJ9IP.o
                0x0001cac4                R_AddSprites
 .text.R_DrawPSprite
                0x0001cb58      0x1e8 /tmp/ccUvJ9IP.o
                0x0001cb58                R_DrawPSprite
 .text.R_DrawPlayerSprites
                0x0001cd40       0xbc /tmp/ccUvJ9IP.o
                0x0001cd40                R_DrawPlayerSprites
 .text.R_SortVisSprites
                0x0001cdfc       0xe8 /tmp/ccUvJ9IP.o
                0x0001cdfc                R_SortVisSprites
 .text.R_DrawSprite
                0x0001cee4      0x294 /tmp/ccUvJ9IP.o
                0x0001cee4                R_DrawSprite
 .text.R_DrawMasked
                0x0001d178       0xac /tmp/ccUvJ9IP.o
                0x0001d178                R_DrawMasked
 .text.STlib_init
                0x0001d224       0x28 /tmp/cchLfgF1.o
                0x0001d224                STlib_init
 .text.STlib_initNum
                0x0001d24c       0x20 /tmp/cchLfgF1.o
                0x0001d24c                STlib_initNum
 .text.STlib_drawNum
                0x0001d26c      0x198 /tmp/cchLfgF1.o
                0x0001d26c                STlib_drawNum
 .text.STlib_updateNum
                0x0001d404       0x14 /tmp/cchLfgF1.o
                0x0001d404                STlib_updateNum
 .text.STlib_initPercent
                0x0001d418       0x28 /tmp/cchLfgF1.o
                0x0001d418                STlib_initPercent
 .text.STlib_updatePercent
                0x0001d440       0x58 /tmp/cchLfgF1.o
                0x0001d440                STlib_updatePercent
 .text.STlib_initMultIcon
                0x0001d498       0x20 /tmp/cchLfgF1.o
                0x0001d498                STlib_initMultIcon
 .text.STlib_updateMultIcon
                0x0001d4b8       0xfc /tmp/cchLfgF1.o
                0x0001d4b8                STlib_updateMultIcon
 .text.STlib_initBinIcon
                0x0001d5b4       0x1c /tmp/cchLfgF1.o
                0x0001d5b4                STlib_initBinIcon
 .text.STlib_updateBinIcon
                0x0001d5d0       0xe8 /tmp/cchLfgF1.o
                0x0001d5d0                STlib_updateBinIcon
 .text.ST_refreshBackground
                0x0001d6b8       0x70 /tmp/ccmkZrYQ.o
                0x0001d6b8                ST_refreshBackground
 .text.ST_Responder
                0x0001d728      0x470 /tmp/ccmkZrYQ.o
                0x0001d728                ST_Responder
 .text.ST_calcPainOffset
                0x0001db98       0x48 /tmp/ccmkZrYQ.o
                0x0001db98                ST_calcPainOffset
 .text.ST_updateFaceWidget
                0x0001dbe0      0x2c0 /tmp/ccmkZrYQ.o
                0x0001dbe0                ST_updateFaceWidget
 .text.ST_updateWidgets
                0x0001dea0      0x138 /tmp/ccmkZrYQ.o
                0x0001dea0                ST_updateWidgets
 .text.ST_Ticker
                0x0001dfd8       0x38 /tmp/ccmkZrYQ.o
                0x0001dfd8                ST_Ticker
 .text.ST_doPaletteStuff
                0x0001e010       0xd4 /tmp/ccmkZrYQ.o
                0x0001e010                ST_doPaletteStuff
 .text.ST_drawWidgets
                0x0001e0e4      0x14c /tmp/ccmkZrYQ.o
                0x0001e0e4                ST_drawWidgets
 .text.ST_doRefresh
                0x0001e230       0x20 /tmp/ccmkZrYQ.o
                0x0001e230                ST_doRefresh
 .text.ST_diffDraw
                0x0001e250        0x8 /tmp/ccmkZrYQ.o
                0x0001e250                ST_diffDraw
 .text.ST_Drawer
                0x0001e258       0x5c /tmp/ccmkZrYQ.o
                0x0001e258                ST_Drawer
 .text.ST_loadGraphics
                0x0001e2b4      0x308 /tmp/ccmkZrYQ.o
                0x0001e2b4                ST_loadGraphics
 .text.ST_loadData
                0x0001e5bc       0x24 /tmp/ccmkZrYQ.o
                0x0001e5bc                ST_loadData
 .text.ST_initData
                0x0001e5e0       0x84 /tmp/ccmkZrYQ.o
                0x0001e5e0                ST_initData
 .text.ST_createWidgets
                0x0001e664      0x39c /tmp/ccmkZrYQ.o
                0x0001e664                ST_createWidgets
 .text.ST_Stop  0x0001ea00       0x3c /tmp/ccmkZrYQ.o
                0x0001ea00                ST_Stop
 .text.ST_Start
                0x0001ea3c       0x34 /tmp/ccmkZrYQ.o
                0x0001ea3c                ST_Start
 .text.ST_Init  0x0001ea70       0x34 /tmp/ccmkZrYQ.o
                0x0001ea70                ST_Init
 .text.SlopeDiv
                0x0001eaa4       0x28 /tmp/ccTxiJKs.o
                0x0001eaa4                SlopeDiv
 .text.V_MarkRect
                0x0001eacc       0x74 /tmp/ccGmmR0A.o
                0x0001eacc                V_MarkRect
 .text.V_CopyRect
                0x0001eb40       0xe8 /tmp/ccGmmR0A.o
                0x0001eb40                V_CopyRect
 .text.V_DrawPatch
                0x0001ec28       0xfc /tmp/ccGmmR0A.o
                0x0001ec28                V_DrawPatch
 .text.V_DrawPatchFlipped
                0x0001ed24      0x100 /tmp/ccGmmR0A.o
                0x0001ed24                V_DrawPatchFlipped
 .text.V_DrawPatchDirect
                0x0001ee24        0x4 /tmp/ccGmmR0A.o
                0x0001ee24                V_DrawPatchDirect
 .text.V_DrawBlock
                0x0001ee28       0xb0 /tmp/ccGmmR0A.o
                0x0001ee28                V_DrawBlock
 .text.V_Init   0x0001eed8       0x40 /tmp/ccGmmR0A.o
                0x0001eed8                V_Init
 .text.WI_slamBackground
                0x0001ef18       0x40 /tmp/ccUXxFQp.o
                0x0001ef18                WI_slamBackground
 .text.WI_drawLF
                0x0001ef58       0xb0 /tmp/ccUXxFQp.o
                0x0001ef58                WI_drawLF
 .text.WI_drawEL
                0x0001f008       0x88 /tmp/ccUXxFQp.o
                0x0001f008                WI_drawEL
 .text.WI_drawOnLnode
                0x0001f090       0xac /tmp/ccUXxFQp.o
                0x0001f090                WI_drawOnLnode
 .text.WI_initAnimatedBack
                0x0001f13c      0x130 /tmp/ccUXxFQp.o
                0x0001f13c                WI_initAnimatedBack
 .text.WI_updateAnimatedBack
                0x0001f26c      0x188 /tmp/ccUXxFQp.o
                0x0001f26c                WI_updateAnimatedBack
 .text.WI_drawNum
                0x0001f3f4      0x130 /tmp/ccUXxFQp.o
                0x0001f3f4                WI_drawNum
 .text.WI_drawPercent
                0x0001f524       0x5c /tmp/ccUXxFQp.o
                0x0001f524                WI_drawPercent
 .text.WI_drawTime
                0x0001f580       0xf8 /tmp/ccUXxFQp.o
                0x0001f580                WI_drawTime
 .text.WI_initNoState
                0x0001f678       0x18 /tmp/ccUXxFQp.o
                0x0001f678                WI_initNoState
 .text.WI_initShowNextLoc
                0x0001f690       0x18 /tmp/ccUXxFQp.o
                0x0001f690                WI_initShowNextLoc
 .text.WI_updateShowNextLoc
                0x0001f6a8       0x48 /tmp/ccUXxFQp.o
                0x0001f6a8                WI_updateShowNextLoc
 .text.WI_drawShowNextLoc
                0x0001f6f0       0xf8 /tmp/ccUXxFQp.o
                0x0001f6f0                WI_drawShowNextLoc
 .text.WI_drawNoState
                0x0001f7e8        0xc /tmp/ccUXxFQp.o
                0x0001f7e8                WI_drawNoState
 .text.WI_fragSum
                0x0001f7f4       0x64 /tmp/ccUXxFQp.o
                0x0001f7f4                WI_fragSum
 .text.WI_initDeathmatchStats
                0x0001f858       0x80 /tmp/ccUXxFQp.o
                0x0001f858                WI_initDeathmatchStats
 .text.WI_updateDeathmatchStats
                0x0001f8d8      0x2f4 /tmp/ccUXxFQp.o
                0x0001f8d8                WI_updateDeathmatchStats
 .text.WI_drawDeathmatchStats
                0x0001fbcc      0x230 /tmp/ccUXxFQp.o
                0x0001fbcc                WI_drawDeathmatchStats
 .text.WI_initNetgameStats
                0x0001fdfc      0x108 /tmp/ccUXxFQp.o
                0x0001fdfc                WI_initNetgameStats
 .text.WI_updateNetgameStats
                0x0001ff04      0x4ac /tmp/ccUXxFQp.o
                0x0001ff04                WI_updateNetgameStats
 .text.WI_drawNetgameStats
                0x000203b0      0x2c8 /tmp/ccUXxFQp.o
                0x000203b0                WI_drawNetgameStats
 .text.WI_initStats
                0x00020678       0x40 /tmp/ccUXxFQp.o
                0x00020678                WI_initStats
 .text.WI_updateStats
                0x000206b8      0x330 /tmp/ccUXxFQp.o
                0x000206b8                WI_updateStats
 .text.WI_drawStats
                0x000209e8      0x130 /tmp/ccUXxFQp.o
                0x000209e8                WI_drawStats
 .text.WI_checkForAccelerate
                0x00020b18       0x7c /tmp/ccUXxFQp.o
                0x00020b18                WI_checkForAccelerate
 .text.WI_loadData
                0x00020b94      0x4ec /tmp/ccUXxFQp.o
                0x00020b94                WI_loadData
 .text.WI_unloadData
                0x00021080      0x680 /tmp/ccUXxFQp.o
                0x00021080                WI_unloadData
 .text.WI_updateNoState
                0x00021700       0x38 /tmp/ccUXxFQp.o
                0x00021700                WI_updateNoState
 .text.WI_Ticker
                0x00021738       0xa8 /tmp/ccUXxFQp.o
                0x00021738                WI_Ticker
 .text.WI_Drawer
                0x000217e0       0x40 /tmp/ccUXxFQp.o
                0x000217e0                WI_Drawer
 .text.WI_initVariables
                0x00021820       0x74 /tmp/ccUXxFQp.o
                0x00021820                WI_initVariables
 .text.WI_Start
                0x00021894       0x44 /tmp/ccUXxFQp.o
                0x00021894                WI_Start
 .text.strupr   0x000218d8       0x3c /tmp/cckYeBJT.o
                0x000218d8                strupr
 .text.filelength
                0x00021914       0x34 /tmp/cckYeBJT.o
                0x00021914                filelength
 .text.ExtractFileBase
                0x00021948      0x118 /tmp/cckYeBJT.o
                0x00021948                ExtractFileBase
 .text.W_AddFile
                0x00021a60      0x230 /tmp/cckYeBJT.o
                0x00021a60                W_AddFile
 .text.W_Reload
                0x00021c90      0x130 /tmp/cckYeBJT.o
                0x00021c90                W_Reload
 .text.W_InitMultipleFiles
                0x00021dc0       0x90 /tmp/cckYeBJT.o
                0x00021dc0                W_InitMultipleFiles
 .text.W_CheckNumForName
                0x00021e50       0x84 /tmp/cckYeBJT.o
                0x00021e50                W_CheckNumForName
 .text.W_GetNumForName
                0x00021ed4       0x44 /tmp/cckYeBJT.o
                0x00021ed4                W_GetNumForName
 .text.W_LumpLength
                0x00021f18       0x4c /tmp/cckYeBJT.o
                0x00021f18                W_LumpLength
 .text.W_ReadLump
                0x00021f64      0x114 /tmp/cckYeBJT.o
                0x00021f64                W_ReadLump
 .text.W_CacheLumpNum
                0x00022078       0xd8 /tmp/cckYeBJT.o
                0x00022078                W_CacheLumpNum
 .text.W_CacheLumpName
                0x00022150       0x20 /tmp/cckYeBJT.o
                0x00022150                W_CacheLumpName
 .text.Z_Init   0x00022170       0x5c /tmp/ccj4PUoF.o
                0x00022170                Z_Init
 .text.Z_Free   0x000221cc       0xdc /tmp/ccj4PUoF.o
                0x000221cc                Z_Free
 .text.Z_Malloc
                0x000222a8      0x174 /tmp/ccj4PUoF.o
                0x000222a8                Z_Malloc
 .text.Z_FreeTags
                0x0002241c       0x78 /tmp/ccj4PUoF.o
                0x0002241c                Z_FreeTags
 .text.Z_CheckHeap
                0x00022494       0xa4 /tmp/ccj4PUoF.o
                0x00022494                Z_CheckHeap
 .text.Z_ChangeTag2
                0x00022538       0x6c /tmp/ccj4PUoF.o
                0x00022538                Z_ChangeTag2
 .text.D_PostEvent
                0x000225a4       0x50 /tmp/ccp2R3Ps.o
                0x000225a4                D_PostEvent
 .text.D_ProcessEvents
                0x000225f4       0x78 /tmp/ccp2R3Ps.o
                0x000225f4                D_ProcessEvents
 .text.D_PageTicker
                0x0002266c       0x1c /tmp/ccp2R3Ps.o
                0x0002266c                D_PageTicker
 .text.D_PageDrawer
                0x00022688       0x30 /tmp/ccp2R3Ps.o
                0x00022688                D_PageDrawer
 .text.D_Display
                0x000226b8      0x35c /tmp/ccp2R3Ps.o
                0x000226b8                D_Display
 .text.D_AdvanceDemo
                0x00022a14        0xc /tmp/ccp2R3Ps.o
                0x00022a14                D_AdvanceDemo
 .text.D_DoAdvanceDemo
                0x00022a20      0x154 /tmp/ccp2R3Ps.o
                0x00022a20                D_DoAdvanceDemo
 .text.D_DoomLoop
                0x00022b74      0x110 /tmp/ccp2R3Ps.o
                0x00022b74                D_DoomLoop
 .text.D_StartTitle
                0x00022c84       0x18 /tmp/ccp2R3Ps.o
                0x00022c84                D_StartTitle
 .text.D_AddFile
                0x00022c9c       0x80 /tmp/ccp2R3Ps.o
                0x00022c9c                D_AddFile
 .text.IdentifyVersion
                0x00022d1c       0x18 /tmp/ccp2R3Ps.o
                0x00022d1c                IdentifyVersion
 .text.D_DoomMain
                0x00022d34      0x174 /tmp/ccp2R3Ps.o
                0x00022d34                D_DoomMain
 .text.startup.main
                0x00022ea8       0x1c /tmp/ccAXYIlt.o
                0x00022ea8                main
 .text.I_InitNetwork
                0x00022ec4       0x4c /tmp/cc7CcWHw.o
                0x00022ec4                I_InitNetwork
 .text.I_NetCmd
                0x00022f10        0x4 /tmp/cc7CcWHw.o
                0x00022f10                I_NetCmd
 .text.I_Init   0x00022f14        0x8 /tmp/ccA3sui6.o
                0x00022f14                I_Init
 .text.I_ZoneBase
                0x00022f1c       0x10 /tmp/ccA3sui6.o
                0x00022f1c                I_ZoneBase
 .text.I_GetTime
                0x00022f2c       0x38 /tmp/ccA3sui6.o
                0x00022f2c                I_GetTime
 .text.I_StartFrame
                0x00022f64        0x4 /tmp/ccA3sui6.o
                0x00022f64                I_StartFrame
 .text.I_StartTic
                0x00022f68      0x168 /tmp/ccA3sui6.o
                0x00022f68                I_StartTic
 .text.I_BaseTiccmd
                0x000230d0        0x8 /tmp/ccA3sui6.o
                0x000230d0                I_BaseTiccmd
 .text.I_Quit   0x000230d8       0x1c /tmp/ccA3sui6.o
                0x000230d8                I_Quit
 .text.I_Tactile
                0x000230f4        0x4 /tmp/ccA3sui6.o
                0x000230f4                I_Tactile
 .text.I_Error  0x000230f8       0x9c /tmp/ccA3sui6.o
                0x000230f8                I_Error
 .text.I_InitGraphics
                0x00023194        0xc /tmp/ccx6M4gp.o
                0x00023194                I_InitGraphics
 .text.I_ShutdownGraphics
                0x000231a0        0x4 /tmp/ccx6M4gp.o
                0x000231a0                I_ShutdownGraphics
 .text.I_SetPalette
                0x000231a4       0xbc /tmp/ccx6M4gp.o
                0x000231a4                I_SetPalette
 .text.I_UpdateNoBlit
                0x00023260        0x4 /tmp/ccx6M4gp.o
                0x00023260                I_UpdateNoBlit
 .text.I_FinishUpdate
                0x00023264       0x7c /tmp/ccx6M4gp.o
                0x00023264                I_FinishUpdate
 .text.I_WaitVBL
                0x000232e0       0x14 /tmp/ccx6M4gp.o
                0x000232e0                I_WaitVBL
 .text.I_ReadScreen
                0x000232f4       0x14 /tmp/ccx6M4gp.o
                0x000232f4                I_ReadScreen
 .text.S_Init   0x00023308        0x4 /tmp/ccb1royM.o
                0x00023308                S_Init
 .text.S_Start  0x0002330c        0x4 /tmp/ccb1royM.o
                0x0002330c                S_Start
 .text.S_StartSound
                0x00023310        0x4 /tmp/ccb1royM.o
                0x00023310                S_StartSound
 .text.S_StopSound
                0x00023314        0x4 /tmp/ccb1royM.o
                0x00023314                S_StopSound
 .text.S_PauseSound
                0x00023318        0x4 /tmp/ccb1royM.o
                0x00023318                S_PauseSound
 .text.S_ResumeSound
                0x0002331c        0x4 /tmp/ccb1royM.o
                0x0002331c                S_ResumeSound
 .text.S_StartMusic
                0x00023320        0x4 /tmp/ccb1royM.o
                0x00023320                S_StartMusic
 .text.S_ChangeMusic
                0x00023324        0x4 /tmp/ccb1royM.o
                0x00023324                S_ChangeMusic
 .text.S_SetMusicVolume
                0x00023328        0x4 /tmp/ccb1royM.o
                0x00023328                S_SetMusicVolume
 .text.S_SetSfxVolume
                0x0002332c        0x4 /tmp/ccb1royM.o
                0x0002332c                S_SetSfxVolume
 .text.console_putchar
                0x00023330        0xc /tmp/cchsEYcK.o
                0x00023330                console_putchar
 .text.console_getchar
                0x0002333c        0x4 /tmp/cchsEYcK.o
                0x0002333c                console_getchar
 .text.console_getchar_nowait
                0x00023340        0x8 /tmp/cchsEYcK.o
                0x00023340                console_getchar_nowait
 .text.console_puts
                0x00023348       0x3c /tmp/cchsEYcK.o
                0x00023348                console_puts
 .text.console_printf
                0x00023384       0x6c /tmp/cchsEYcK.o
                0x00023384                console_printf
 .text._sbrk    0x000233f0       0x38 /tmp/cc9bKNsH.o
                0x000233f0                _sbrk
 .text._open    0x00023428       0xe8 /tmp/cc9bKNsH.o
                0x00023428                _open
 .text._read    0x00023510       0xa0 /tmp/cc9bKNsH.o
                0x00023510                _read
 .text._close   0x000235b0       0x48 /tmp/cc9bKNsH.o
                0x000235b0                _close
 .text._lseek   0x000235f8       0x90 /tmp/cc9bKNsH.o
                0x000235f8                _lseek
 .text._stat    0x00023688       0x28 /tmp/cc9bKNsH.o
                0x00023688                _stat
 .text._fstat   0x000236b0       0x28 /tmp/cc9bKNsH.o
                0x000236b0                _fstat
 .text._isatty  0x000236d8       0x30 /tmp/cc9bKNsH.o
                0x000236d8                _isatty
 .text.mini_itoa.part.0
                0x00023708       0xdc /tmp/ccGzfaEn.o
 .text._puts.isra.0
                0x000237e4       0x50 /tmp/ccGzfaEn.o
 .text.mini_vsnprintf
                0x00023834      0x1ec /tmp/ccGzfaEn.o
                0x00023834                mini_vsnprintf
 .text._write   0x00023a20       0x2c /tmp/ccucBjw5.o
                0x00023a20                _write
 .text.wait_for_uart_ready
                0x00023a4c       0x10 /tmp/ccucBjw5.o
                0x00023a4c                wait_for_uart_ready
 .text.transmit_byte
                0x00023a5c        0xc /tmp/ccucBjw5.o
                0x00023a5c                transmit_byte
 .text.memset   0x00023a68       0xb8 /tmp/cco7SOxs.o
                0x00023a68                memset
 .text.memcpy   0x00023b20       0xd4 /tmp/cco7SOxs.o
                0x00023b20                memcpy
 .text.abs      0x00023bf4       0x10 /prog/riscv/lib/gcc/riscv64-unknown-elf/14.2.0/../../../../riscv64-unknown-elf/lib/rv32im_zicsr/ilp32/libc_nano.a(libc_a-abs.o)
                0x00023bf4                abs
 .text.atoi     0x00023c04        0xc /prog/riscv/lib/gcc/riscv64-unknown-elf/14.2.0/../../../../riscv64-unknown-elf/lib/rv32im_zicsr/ilp32/libc_nano.a(libc_a-atoi.o)
                0x00023c04                atoi
 .text.calloc   0x00023c10       0x10 /prog/riscv/lib/gcc/riscv64-unknown-elf/14.2.0/../../../../riscv64-unknown-elf/lib/rv32im_zicsr/ilp32/libc_nano.a(libc_a-calloc.o)
                0x00023c10                calloc
 .text._calloc_r
                0x00023c20       0x5c /prog/riscv/lib/gcc/riscv64-unknown-elf/14.2.0/../../../../riscv64-unknown-elf/lib/rv32im_zicsr/ilp32/libc_nano.a(libc_a-callocr.o)
                0x00023c20                _calloc_r
 .text.exit     0x00023c7c       0x38 /prog/riscv/lib/gcc/riscv64-unknown-elf/14.2.0/../../../../riscv64-unknown-elf/lib/rv32im_zicsr/ilp32/libc_nano.a(libc_a-exit.o)
                0x00023c7c                exit
 .text.malloc   0x00023cb4        0xc /prog/riscv/lib/gcc/riscv64-unknown-elf/14.2.0/../../../../riscv64-unknown-elf/lib/rv32im_zicsr/ilp32/libc_nano.a(libc_a-malloc.o)
                0x00023cb4                malloc
 .text.sbrk_aligned
                0x00023cc0       0x84 /prog/riscv/lib/gcc/riscv64-unknown-elf/14.2.0/../../../../riscv64-unknown-elf/lib/rv32im_zicsr/ilp32/libc_nano.a(libc_a-mallocr.o)
 .text._malloc_r
                0x00023d44      0x1bc /prog/riscv/lib/gcc/riscv64-unknown-elf/14.2.0/../../../../riscv64-unknown-elf/lib/rv32im_zicsr/ilp32/libc_nano.a(libc_a-mallocr.o)
                0x00023d44                _malloc_r
 .text.__malloc_lock
                0x00023f00        0x4 /prog/riscv/lib/gcc/riscv64-unknown-elf/14.2.0/../../../../riscv64-unknown-elf/lib/rv32im_zicsr/ilp32/libc_nano.a(libc_a-mlock.o)
                0x00023f00                __malloc_lock
 .text.__malloc_unlock
                0x00023f04        0x4 /prog/riscv/lib/gcc/riscv64-unknown-elf/14.2.0/../../../../riscv64-unknown-elf/lib/rv32im_zicsr/ilp32/libc_nano.a(libc_a-mlock.o)
                0x00023f04                __malloc_unlock
 .text.realloc  0x00023f08       0x10 /prog/riscv/lib/gcc/riscv64-unknown-elf/14.2.0/../../../../riscv64-unknown-elf/lib/rv32im_zicsr/ilp32/libc_nano.a(libc_a-realloc.o)
                0x00023f08                realloc
 .text._realloc_r
                0x00023f18       0xd8 /prog/riscv/lib/gcc/riscv64-unknown-elf/14.2.0/../../../../riscv64-unknown-elf/lib/rv32im_zicsr/ilp32/libc_nano.a(libc_a-reallocr.o)
                0x00023f18                _realloc_r
 .text._strtol_l.isra.0
                0x00023ff0      0x194 /prog/riscv/lib/gcc/riscv64-unknown-elf/14.2.0/../../../../riscv64-unknown-elf/lib/rv32im_zicsr/ilp32/libc_nano.a(libc_a-strtol.o)
 .text._strtol_r
                0x00024184        0x4 /prog/riscv/lib/gcc/riscv64-unknown-elf/14.2.0/../../../../riscv64-unknown-elf/lib/rv32im_zicsr/ilp32/libc_nano.a(libc_a-strtol.o)
                0x00024184                _strtol_r
 .text.strtol   0x00024188       0x14 /prog/riscv/lib/gcc/riscv64-unknown-elf/14.2.0/../../../../riscv64-unknown-elf/lib/rv32im_zicsr/ilp32/libc_nano.a(libc_a-strtol.o)
                0x00024188                strtol
 .text.__sfputc_r
                0x0002419c       0x3c /prog/riscv/lib/gcc/riscv64-unknown-elf/14.2.0/../../../../riscv64-unknown-elf/lib/rv32im_zicsr/ilp32/libc_nano.a(libc_a-nano-vfprintf.o)
 .text.__sfputs_r
                0x000241d8       0x74 /prog/riscv/lib/gcc/riscv64-unknown-elf/14.2.0/../../../../riscv64-unknown-elf/lib/rv32im_zicsr/ilp32/libc_nano.a(libc_a-nano-vfprintf.o)
                0x000241d8                __sfputs_r
 .text._vfprintf_r
                0x0002424c      0x37c /prog/riscv/lib/gcc/riscv64-unknown-elf/14.2.0/../../../../riscv64-unknown-elf/lib/rv32im_zicsr/ilp32/libc_nano.a(libc_a-nano-vfprintf.o)
                0x0002424c                _vfiprintf_r
                0x0002424c                _vfprintf_r
 .text.vfprintf
                0x000245c8       0x14 /prog/riscv/lib/gcc/riscv64-unknown-elf/14.2.0/../../../../riscv64-unknown-elf/lib/rv32im_zicsr/ilp32/libc_nano.a(libc_a-nano-vfprintf.o)
                0x000245c8                vfiprintf
                0x000245c8                vfprintf
 .text._printf_common
                0x000245dc      0x1b4 /prog/riscv/lib/gcc/riscv64-unknown-elf/14.2.0/../../../../riscv64-unknown-elf/lib/rv32im_zicsr/ilp32/libc_nano.a(libc_a-nano-vfprintf_i.o)
                0x000245dc                _printf_common
 .text._printf_i
                0x00024790      0x390 /prog/riscv/lib/gcc/riscv64-unknown-elf/14.2.0/../../../../riscv64-unknown-elf/lib/rv32im_zicsr/ilp32/libc_nano.a(libc_a-nano-vfprintf_i.o)
                0x00024790                _printf_i
 .text._fclose_r
                0x00024b20       0xdc /prog/riscv/lib/gcc/riscv64-unknown-elf/14.2.0/../../../../riscv64-unknown-elf/lib/rv32im_zicsr/ilp32/libc_nano.a(libc_a-fclose.o)
                0x00024b20                _fclose_r
 .text.fclose   0x00024bfc        0xc /prog/riscv/lib/gcc/riscv64-unknown-elf/14.2.0/../../../../riscv64-unknown-elf/lib/rv32im_zicsr/ilp32/libc_nano.a(libc_a-fclose.o)
                0x00024bfc                fclose
 .text.__sflush_r
                0x00024c08      0x1cc /prog/riscv/lib/gcc/riscv64-unknown-elf/14.2.0/../../../../riscv64-unknown-elf/lib/rv32im_zicsr/ilp32/libc_nano.a(libc_a-fflush.o)
                0x00024c08                __sflush_r
 .text._fflush_r
                0x00024dd4       0x68 /prog/riscv/lib/gcc/riscv64-unknown-elf/14.2.0/../../../../riscv64-unknown-elf/lib/rv32im_zicsr/ilp32/libc_nano.a(libc_a-fflush.o)
                0x00024dd4                _fflush_r
 .text.fflush   0x00024e3c       0x2c /prog/riscv/lib/gcc/riscv64-unknown-elf/14.2.0/../../../../riscv64-unknown-elf/lib/rv32im_zicsr/ilp32/libc_nano.a(libc_a-fflush.o)
                0x00024e3c                fflush
 .text.std      0x00024e68       0x88 /prog/riscv/lib/gcc/riscv64-unknown-elf/14.2.0/../../../../riscv64-unknown-elf/lib/rv32im_zicsr/ilp32/libc_nano.a(libc_a-findfp.o)
 .text.stdio_exit_handler
                0x00024ef0       0x1c /prog/riscv/lib/gcc/riscv64-unknown-elf/14.2.0/../../../../riscv64-unknown-elf/lib/rv32im_zicsr/ilp32/libc_nano.a(libc_a-findfp.o)
 .text.cleanup_stdio
                0x00024f0c       0x70 /prog/riscv/lib/gcc/riscv64-unknown-elf/14.2.0/../../../../riscv64-unknown-elf/lib/rv32im_zicsr/ilp32/libc_nano.a(libc_a-findfp.o)
 .text.global_stdio_init.part.0
                0x00024f7c       0x58 /prog/riscv/lib/gcc/riscv64-unknown-elf/14.2.0/../../../../riscv64-unknown-elf/lib/rv32im_zicsr/ilp32/libc_nano.a(libc_a-findfp.o)
 .text.__sfp    0x00024fd4      0x108 /prog/riscv/lib/gcc/riscv64-unknown-elf/14.2.0/../../../../riscv64-unknown-elf/lib/rv32im_zicsr/ilp32/libc_nano.a(libc_a-findfp.o)
                0x00024fd4                __sfp
 .text.__sinit  0x000250dc       0x24 /prog/riscv/lib/gcc/riscv64-unknown-elf/14.2.0/../../../../riscv64-unknown-elf/lib/rv32im_zicsr/ilp32/libc_nano.a(libc_a-findfp.o)
                0x000250dc                __sinit
 .text.__sfp_lock_acquire